// Jest Snapshot v1, https://goo.gl/fbAQLP

exports[`bitwiseXor if the generated memory map matches with the snapshot 1`] = `
Map {
  "default1" => Object {
    "byteAddress": 0,
    "default": 0,
    "id": "default1",
    "lineNumber": 2,
    "relativeWordAddress": 0,
    "type": 5,
    "wordSize": 1,
  },
  "default2" => Object {
    "byteAddress": 4,
    "default": 0,
    "id": "default2",
    "lineNumber": 3,
    "relativeWordAddress": 1,
    "type": 5,
    "wordSize": 1,
  },
  "in:1" => Object {
    "byteAddress": 8,
    "default": 0,
    "id": "in:1",
    "lineNumber": 4,
    "relativeWordAddress": 2,
    "type": 3,
    "wordSize": 1,
  },
  "in:2" => Object {
    "byteAddress": 12,
    "default": 4,
    "id": "in:2",
    "lineNumber": 5,
    "relativeWordAddress": 3,
    "type": 3,
    "wordSize": 1,
  },
  "out" => Object {
    "byteAddress": 16,
    "default": 0,
    "id": "out",
    "lineNumber": 6,
    "relativeWordAddress": 4,
    "type": 4,
    "wordSize": 1,
  },
}
`;

exports[`bitwiseXor if the wat code matches with the snapshot 1`] = `
"(module
  (type (;0;) (func))
  (import \\"js\\" \\"memory\\" (memory (;0;) 1))
  (func (;0;) (type 0)
    i32.const 16
    i32.const 8
    i32.load
    i32.load
    i32.const 12
    i32.load
    i32.load
    i32.xor
    i32.store)
  (export \\"test\\" (func 0)))
"
`;
