// Jest Snapshot v1, https://goo.gl/fbAQLP

exports[`buffer snapshots if the generated memory map matches with the snapshot 1`] = `
Map {
  "defaultValue" => Object {
    "address": 0,
    "byteAddress": 0,
    "default": 0,
    "size": 1,
    "type": 5,
  },
  "numberOfInputs" => Object {
    "address": 1,
    "byteAddress": 4,
    "default": 4,
    "size": 1,
    "type": 6,
  },
  "numberOfOutputs" => Object {
    "address": 2,
    "byteAddress": 8,
    "default": 4,
    "size": 1,
    "type": 6,
  },
  "numberOfDataPlaceholders" => Object {
    "address": 3,
    "byteAddress": 12,
    "default": 4,
    "size": 1,
    "type": 6,
  },
  "in:1" => Object {
    "address": 4,
    "byteAddress": 16,
    "default": 0,
    "size": 1,
    "type": 3,
  },
  "in:2" => Object {
    "address": 5,
    "byteAddress": 20,
    "default": 0,
    "size": 1,
    "type": 3,
  },
  "in:3" => Object {
    "address": 6,
    "byteAddress": 24,
    "default": 0,
    "size": 1,
    "type": 3,
  },
  "in:4" => Object {
    "address": 7,
    "byteAddress": 28,
    "default": 0,
    "size": 1,
    "type": 3,
  },
  "out:1" => Object {
    "address": 8,
    "byteAddress": 32,
    "default": 0,
    "size": 1,
    "type": 4,
  },
  "out:2" => Object {
    "address": 9,
    "byteAddress": 36,
    "default": 0,
    "size": 1,
    "type": 4,
  },
  "out:3" => Object {
    "address": 10,
    "byteAddress": 40,
    "default": 0,
    "size": 1,
    "type": 4,
  },
  "out:4" => Object {
    "address": 11,
    "byteAddress": 44,
    "default": 0,
    "size": 1,
    "type": 4,
  },
  "data:1" => Object {
    "address": 12,
    "byteAddress": 48,
    "default": 0,
    "size": 1,
    "type": 6,
  },
  "data:2" => Object {
    "address": 13,
    "byteAddress": 52,
    "default": 0,
    "size": 1,
    "type": 6,
  },
  "data:3" => Object {
    "address": 14,
    "byteAddress": 56,
    "default": 0,
    "size": 1,
    "type": 6,
  },
  "data:4" => Object {
    "address": 15,
    "byteAddress": 60,
    "default": 0,
    "size": 1,
    "type": 6,
  },
}
`;

exports[`buffer snapshots if the wat code matches with the snapshot 1`] = `
"(module
  (type (;0;) (func))
  (import \\"js\\" \\"memory\\" (memory (;0;) 1))
  (func (;0;) (type 0)
    i32.const 32
    i32.const 16
    i32.load
    i32.load
    i32.store
    i32.const 36
    i32.const 20
    i32.load
    i32.load
    i32.store
    i32.const 40
    i32.const 24
    i32.load
    i32.load
    i32.store
    i32.const 44
    i32.const 28
    i32.load
    i32.load
    i32.store)
  (export \\"test\\" (func 0)))
"
`;
