// Jest Snapshot v1, https://goo.gl/fbAQLP

exports[`constant if the generated memory map matches with the snapshot 1`] = `
Map {
  "out" => Object {
    "address": 0,
    "byteAddress": 0,
    "default": 0,
    "size": 1,
    "type": 4,
    "usage": 0,
  },
}
`;

exports[`constant if the wat code matches with the snapshot 1`] = `
"(module
  (type (;0;) (func))
  (import \\"js\\" \\"memory\\" (memory (;0;) 1))
  (func (;0;) (type 0))
  (export \\"test\\" (func 0)))
"
`;
