// Jest Snapshot v1, https://goo.gl/fbAQLP

exports[`invert if the generated memory map matches with the snapshot 1`] = `
Map {
  "default" => Object {
    "address": 0,
    "byteAddress": 0,
    "default": 0,
    "size": 1,
    "type": 5,
  },
  "in" => Object {
    "address": 1,
    "byteAddress": 4,
    "default": 0,
    "size": 1,
    "type": 3,
  },
  "out" => Object {
    "address": 2,
    "byteAddress": 8,
    "default": 0,
    "size": 1,
    "type": 4,
  },
}
`;

exports[`invert if the wat code matches with the snapshot 1`] = `
"(module
  (type (;0;) (func))
  (import \\"js\\" \\"memory\\" (memory (;0;) 1))
  (func (;0;) (type 0)
    i32.const 8
    i32.const 4
    i32.load
    i32.load
    i32.const -1
    i32.mul
    i32.store)
  (export \\"test\\" (func 0)))
"
`;
