// Jest Snapshot v1, https://goo.gl/fbAQLP

exports[`generates correct module type descriptor 1`] = `
Object {
  "buttons": Array [],
  "category": "Math",
  "engine": Object {
    "source": "
	# abs module

	# memory
	private DEFAULT_VALUE 0
	inputPointer in DEFAULT_VALUE
	output out 0

	# locals
	local input

	# code
	push &out
	push in
	localSet input
	push input
	push 0
	lessThan
	if 
		push 0
		push input
		sub
	else
		push input
	end
	store
",
  },
  "height": 128,
  "initialState": Object {},
  "inputs": Array [
    Object {
      "height": 16,
      "id": "in",
      "width": 16,
      "x": 0,
      "y": 32,
    },
  ],
  "name": "Abs",
  "outputs": Array [
    Object {
      "height": 16,
      "id": "out",
      "width": 16,
      "x": 112,
      "y": 32,
    },
  ],
  "width": 128,
}
`;
