// Jest Snapshot v1, https://goo.gl/fbAQLP

exports[`generates correct module type descriptor 1`] = `
Object {
  "buttons": Array [],
  "category": "Bitwise",
  "engine": Object {
    "config": Object {
      "resolution": 16,
    },
    "name": "adc",
  },
  "height": 432,
  "initialState": Object {},
  "inputs": Array [
    Object {
      "height": 16,
      "id": "in",
      "width": 16,
      "x": 16,
      "y": 48,
    },
  ],
  "lines": Array [
    Object {
      "height": 1,
      "width": 128,
      "x": 8,
      "y": 8,
    },
    Object {
      "height": 416,
      "width": 1,
      "x": 136,
      "y": 8,
    },
    Object {
      "height": 1,
      "width": 128,
      "x": 8,
      "y": 424,
    },
    Object {
      "height": 416,
      "width": 1,
      "x": 8,
      "y": 8,
    },
  ],
  "name": "16bit ADC",
  "outputs": Array [
    Object {
      "id": "out:1",
      "label": "bit0",
      "x": 112,
      "y": 48,
    },
    Object {
      "id": "out:2",
      "label": "bit1",
      "x": 112,
      "y": 64,
    },
    Object {
      "id": "out:3",
      "label": "bit2",
      "x": 112,
      "y": 80,
    },
    Object {
      "id": "out:4",
      "label": "bit3",
      "x": 112,
      "y": 96,
    },
    Object {
      "id": "out:5",
      "label": "bit4",
      "x": 112,
      "y": 112,
    },
    Object {
      "id": "out:6",
      "label": "bit5",
      "x": 112,
      "y": 128,
    },
    Object {
      "id": "out:7",
      "label": "bit6",
      "x": 112,
      "y": 144,
    },
    Object {
      "id": "out:8",
      "label": "bit7",
      "x": 112,
      "y": 160,
    },
    Object {
      "id": "out:9",
      "label": "bit8",
      "x": 112,
      "y": 176,
    },
    Object {
      "id": "out:10",
      "label": "bit9",
      "x": 112,
      "y": 192,
    },
    Object {
      "id": "out:11",
      "label": "bit10",
      "x": 112,
      "y": 208,
    },
    Object {
      "id": "out:12",
      "label": "bit11",
      "x": 112,
      "y": 224,
    },
    Object {
      "id": "out:13",
      "label": "bit12",
      "x": 112,
      "y": 240,
    },
    Object {
      "id": "out:14",
      "label": "bit13",
      "x": 112,
      "y": 256,
    },
    Object {
      "id": "out:15",
      "label": "bit14",
      "x": 112,
      "y": 272,
    },
    Object {
      "id": "out:16",
      "label": "bit15",
      "x": 112,
      "y": 288,
    },
  ],
  "sliders": Array [],
  "steppers": Array [],
  "width": 144,
}
`;
