// Jest Snapshot v1, https://goo.gl/fbAQLP

exports[`generates correct module type descriptor 1`] = `
Object {
  "buttons": Array [],
  "category": "Bitwise",
  "engine": Object {
    "config": Object {
      "resolution": 16,
    },
    "name": "adc",
  },
  "height": 320,
  "initialState": Object {},
  "inputs": Array [
    Object {
      "height": 16,
      "id": "in",
      "width": 16,
      "x": 0,
      "y": 32,
    },
  ],
  "name": "16bit ADC",
  "outputs": Array [
    Object {
      "height": 16,
      "id": "out:1",
      "label": "bit0",
      "width": 16,
      "x": 112,
      "y": 32,
    },
    Object {
      "height": 16,
      "id": "out:2",
      "label": "bit1",
      "width": 16,
      "x": 112,
      "y": 48,
    },
    Object {
      "height": 16,
      "id": "out:3",
      "label": "bit2",
      "width": 16,
      "x": 112,
      "y": 64,
    },
    Object {
      "height": 16,
      "id": "out:4",
      "label": "bit3",
      "width": 16,
      "x": 112,
      "y": 80,
    },
    Object {
      "height": 16,
      "id": "out:5",
      "label": "bit4",
      "width": 16,
      "x": 112,
      "y": 96,
    },
    Object {
      "height": 16,
      "id": "out:6",
      "label": "bit5",
      "width": 16,
      "x": 112,
      "y": 112,
    },
    Object {
      "height": 16,
      "id": "out:7",
      "label": "bit6",
      "width": 16,
      "x": 112,
      "y": 128,
    },
    Object {
      "height": 16,
      "id": "out:8",
      "label": "bit7",
      "width": 16,
      "x": 112,
      "y": 144,
    },
    Object {
      "height": 16,
      "id": "out:9",
      "label": "bit8",
      "width": 16,
      "x": 112,
      "y": 160,
    },
    Object {
      "height": 16,
      "id": "out:10",
      "label": "bit9",
      "width": 16,
      "x": 112,
      "y": 176,
    },
    Object {
      "height": 16,
      "id": "out:11",
      "label": "bit10",
      "width": 16,
      "x": 112,
      "y": 192,
    },
    Object {
      "height": 16,
      "id": "out:12",
      "label": "bit11",
      "width": 16,
      "x": 112,
      "y": 208,
    },
    Object {
      "height": 16,
      "id": "out:13",
      "label": "bit12",
      "width": 16,
      "x": 112,
      "y": 224,
    },
    Object {
      "height": 16,
      "id": "out:14",
      "label": "bit13",
      "width": 16,
      "x": 112,
      "y": 240,
    },
    Object {
      "height": 16,
      "id": "out:15",
      "label": "bit14",
      "width": 16,
      "x": 112,
      "y": 256,
    },
    Object {
      "height": 16,
      "id": "out:16",
      "label": "bit15",
      "width": 16,
      "x": 112,
      "y": 272,
    },
  ],
  "width": 128,
}
`;
