// Jest Snapshot v1, https://goo.gl/fbAQLP

exports[`generates correct module type descriptor 1`] = `
Object {
  "buttons": Array [],
  "category": "Bitwise",
  "engine": Object {
    "source": "
	# adc module

	# memory
	private default 0
	inputPointer in default
	output out:1 0
output out:2 0
output out:3 0
output out:4 0
output out:5 0
output out:6 0
output out:7 0
output out:8 0
output out:9 0
output out:10 0
output out:11 0
output out:12 0
output out:13 0
output out:14 0
output out:15 0
output out:16 0

	# locals
	local input

	# code
	push in
	push 1
	div
	localSet input

	
			push &out:1
			push input
			push 1
			and
			push 0
			greaterThan
			if 
				push 32767
			else
				push 0
			end
			store
		

			push &out:2
			push input
			push 2
			and
			push 0
			greaterThan
			if 
				push 32767
			else
				push 0
			end
			store
		

			push &out:3
			push input
			push 4
			and
			push 0
			greaterThan
			if 
				push 32767
			else
				push 0
			end
			store
		

			push &out:4
			push input
			push 8
			and
			push 0
			greaterThan
			if 
				push 32767
			else
				push 0
			end
			store
		

			push &out:5
			push input
			push 16
			and
			push 0
			greaterThan
			if 
				push 32767
			else
				push 0
			end
			store
		

			push &out:6
			push input
			push 32
			and
			push 0
			greaterThan
			if 
				push 32767
			else
				push 0
			end
			store
		

			push &out:7
			push input
			push 64
			and
			push 0
			greaterThan
			if 
				push 32767
			else
				push 0
			end
			store
		

			push &out:8
			push input
			push 128
			and
			push 0
			greaterThan
			if 
				push 32767
			else
				push 0
			end
			store
		

			push &out:9
			push input
			push 256
			and
			push 0
			greaterThan
			if 
				push 32767
			else
				push 0
			end
			store
		

			push &out:10
			push input
			push 512
			and
			push 0
			greaterThan
			if 
				push 32767
			else
				push 0
			end
			store
		

			push &out:11
			push input
			push 1024
			and
			push 0
			greaterThan
			if 
				push 32767
			else
				push 0
			end
			store
		

			push &out:12
			push input
			push 2048
			and
			push 0
			greaterThan
			if 
				push 32767
			else
				push 0
			end
			store
		

			push &out:13
			push input
			push 4096
			and
			push 0
			greaterThan
			if 
				push 32767
			else
				push 0
			end
			store
		

			push &out:14
			push input
			push 8192
			and
			push 0
			greaterThan
			if 
				push 32767
			else
				push 0
			end
			store
		

			push &out:15
			push input
			push 16384
			and
			push 0
			greaterThan
			if 
				push 32767
			else
				push 0
			end
			store
		

			push &out:16
			push input
			push 32768
			and
			push 0
			greaterThan
			if 
				push 32767
			else
				push 0
			end
			store
		
",
  },
  "height": 320,
  "initialState": Object {},
  "inputs": Array [
    Object {
      "height": 16,
      "id": "in",
      "width": 16,
      "x": 0,
      "y": 32,
    },
  ],
  "name": "16bit ADC",
  "outputs": Array [
    Object {
      "height": 16,
      "id": "out:1",
      "label": "bit0",
      "width": 16,
      "x": 112,
      "y": 32,
    },
    Object {
      "height": 16,
      "id": "out:2",
      "label": "bit1",
      "width": 16,
      "x": 112,
      "y": 48,
    },
    Object {
      "height": 16,
      "id": "out:3",
      "label": "bit2",
      "width": 16,
      "x": 112,
      "y": 64,
    },
    Object {
      "height": 16,
      "id": "out:4",
      "label": "bit3",
      "width": 16,
      "x": 112,
      "y": 80,
    },
    Object {
      "height": 16,
      "id": "out:5",
      "label": "bit4",
      "width": 16,
      "x": 112,
      "y": 96,
    },
    Object {
      "height": 16,
      "id": "out:6",
      "label": "bit5",
      "width": 16,
      "x": 112,
      "y": 112,
    },
    Object {
      "height": 16,
      "id": "out:7",
      "label": "bit6",
      "width": 16,
      "x": 112,
      "y": 128,
    },
    Object {
      "height": 16,
      "id": "out:8",
      "label": "bit7",
      "width": 16,
      "x": 112,
      "y": 144,
    },
    Object {
      "height": 16,
      "id": "out:9",
      "label": "bit8",
      "width": 16,
      "x": 112,
      "y": 160,
    },
    Object {
      "height": 16,
      "id": "out:10",
      "label": "bit9",
      "width": 16,
      "x": 112,
      "y": 176,
    },
    Object {
      "height": 16,
      "id": "out:11",
      "label": "bit10",
      "width": 16,
      "x": 112,
      "y": 192,
    },
    Object {
      "height": 16,
      "id": "out:12",
      "label": "bit11",
      "width": 16,
      "x": 112,
      "y": 208,
    },
    Object {
      "height": 16,
      "id": "out:13",
      "label": "bit12",
      "width": 16,
      "x": 112,
      "y": 224,
    },
    Object {
      "height": 16,
      "id": "out:14",
      "label": "bit13",
      "width": 16,
      "x": 112,
      "y": 240,
    },
    Object {
      "height": 16,
      "id": "out:15",
      "label": "bit14",
      "width": 16,
      "x": 112,
      "y": 256,
    },
    Object {
      "height": 16,
      "id": "out:16",
      "label": "bit15",
      "width": 16,
      "x": 112,
      "y": 272,
    },
  ],
  "width": 128,
}
`;
