// Jest Snapshot v1, https://goo.gl/fbAQLP

exports[`generates correct module type descriptor 1`] = `
Object {
  "buttons": Array [],
  "category": "Bitwise",
  "engine": Object {
    "source": "
	# adc module

	# memory
	private default 0
	inputPointer in default
	output out:1 0
output out:2 0
output out:3 0
output out:4 0
output out:5 0
output out:6 0
output out:7 0
output out:8 0

	# locals
	local input

	# code
	push in
	push 128
	div
	localSet input

	
			push &out:1
			push input
			push 1
			and
			push 0
			greaterThan
			if 
				push 32767
			else
				push 0
			end
			store
		

			push &out:2
			push input
			push 2
			and
			push 0
			greaterThan
			if 
				push 32767
			else
				push 0
			end
			store
		

			push &out:3
			push input
			push 4
			and
			push 0
			greaterThan
			if 
				push 32767
			else
				push 0
			end
			store
		

			push &out:4
			push input
			push 8
			and
			push 0
			greaterThan
			if 
				push 32767
			else
				push 0
			end
			store
		

			push &out:5
			push input
			push 16
			and
			push 0
			greaterThan
			if 
				push 32767
			else
				push 0
			end
			store
		

			push &out:6
			push input
			push 32
			and
			push 0
			greaterThan
			if 
				push 32767
			else
				push 0
			end
			store
		

			push &out:7
			push input
			push 64
			and
			push 0
			greaterThan
			if 
				push 32767
			else
				push 0
			end
			store
		

			push &out:8
			push input
			push 128
			and
			push 0
			greaterThan
			if 
				push 32767
			else
				push 0
			end
			store
		
",
  },
  "height": 192,
  "initialState": Object {},
  "inputs": Array [
    Object {
      "height": 16,
      "id": "in",
      "width": 16,
      "x": 0,
      "y": 32,
    },
  ],
  "name": "8bit ADC",
  "outputs": Array [
    Object {
      "height": 16,
      "id": "out:1",
      "label": "bit0",
      "width": 16,
      "x": 112,
      "y": 32,
    },
    Object {
      "height": 16,
      "id": "out:2",
      "label": "bit1",
      "width": 16,
      "x": 112,
      "y": 48,
    },
    Object {
      "height": 16,
      "id": "out:3",
      "label": "bit2",
      "width": 16,
      "x": 112,
      "y": 64,
    },
    Object {
      "height": 16,
      "id": "out:4",
      "label": "bit3",
      "width": 16,
      "x": 112,
      "y": 80,
    },
    Object {
      "height": 16,
      "id": "out:5",
      "label": "bit4",
      "width": 16,
      "x": 112,
      "y": 96,
    },
    Object {
      "height": 16,
      "id": "out:6",
      "label": "bit5",
      "width": 16,
      "x": 112,
      "y": 112,
    },
    Object {
      "height": 16,
      "id": "out:7",
      "label": "bit6",
      "width": 16,
      "x": 112,
      "y": 128,
    },
    Object {
      "height": 16,
      "id": "out:8",
      "label": "bit7",
      "width": 16,
      "x": 112,
      "y": 144,
    },
  ],
  "width": 128,
}
`;
