// Jest Snapshot v1, https://goo.gl/fbAQLP

exports[`generates correct module type descriptor 1`] = `
Object {
  "category": "Arpeggiator",
  "engine": Object {
    "config": Object {},
    "name": "arpeggiator",
  },
  "height": 1440,
  "initialState": Object {},
  "inputs": Array [
    Object {
      "height": 13,
      "id": "in",
      "width": 12,
      "x": 12,
      "y": 42,
    },
  ],
  "lines": Array [
    Object {
      "height": 1,
      "width": 114,
      "x": 6,
      "y": 7,
    },
    Object {
      "height": 1426,
      "width": 1,
      "x": 120,
      "y": 7,
    },
    Object {
      "height": 1,
      "width": 114,
      "x": 6,
      "y": 1433,
    },
    Object {
      "height": 1426,
      "width": 1,
      "x": 6,
      "y": 7,
    },
  ],
  "name": "Arpeggiator",
  "outputs": Array [
    Object {
      "height": 13,
      "id": "out",
      "width": 12,
      "x": 102,
      "y": 42,
    },
  ],
  "sliders": Array [],
  "steppers": Array [],
  "switches": Array [
    Object {
      "height": 20,
      "id": "note:0",
      "offValue": false,
      "onValue": true,
      "width": 18,
      "x": 0,
      "y": 80,
    },
    Object {
      "height": 40,
      "id": "note:1",
      "offValue": false,
      "onValue": true,
      "width": 12,
      "x": 13,
      "y": 40,
    },
    Object {
      "height": 20,
      "id": "note:2",
      "offValue": false,
      "onValue": true,
      "width": 18,
      "x": 20,
      "y": 80,
    },
    Object {
      "height": 40,
      "id": "note:3",
      "offValue": false,
      "onValue": true,
      "width": 12,
      "x": 33,
      "y": 40,
    },
    Object {
      "height": 20,
      "id": "note:4",
      "offValue": false,
      "onValue": true,
      "width": 18,
      "x": 40,
      "y": 80,
    },
    Object {
      "height": 20,
      "id": "note:5",
      "offValue": false,
      "onValue": true,
      "width": 18,
      "x": 60,
      "y": 80,
    },
    Object {
      "height": 40,
      "id": "note:6",
      "offValue": false,
      "onValue": true,
      "width": 12,
      "x": 73,
      "y": 40,
    },
    Object {
      "height": 20,
      "id": "note:7",
      "offValue": false,
      "onValue": true,
      "width": 18,
      "x": 80,
      "y": 80,
    },
    Object {
      "height": 40,
      "id": "note:8",
      "offValue": false,
      "onValue": true,
      "width": 12,
      "x": 93,
      "y": 40,
    },
    Object {
      "height": 20,
      "id": "note:9",
      "offValue": false,
      "onValue": true,
      "width": 18,
      "x": 100,
      "y": 80,
    },
    Object {
      "height": 40,
      "id": "note:10",
      "offValue": false,
      "onValue": true,
      "width": 12,
      "x": 113,
      "y": 40,
    },
    Object {
      "height": 20,
      "id": "note:11",
      "offValue": false,
      "onValue": true,
      "width": 18,
      "x": 120,
      "y": 80,
    },
    Object {
      "height": 20,
      "id": "note:12",
      "offValue": false,
      "onValue": true,
      "width": 18,
      "x": 140,
      "y": 80,
    },
    Object {
      "height": 40,
      "id": "note:13",
      "offValue": false,
      "onValue": true,
      "width": 12,
      "x": 153,
      "y": 40,
    },
    Object {
      "height": 20,
      "id": "note:14",
      "offValue": false,
      "onValue": true,
      "width": 18,
      "x": 160,
      "y": 80,
    },
    Object {
      "height": 40,
      "id": "note:15",
      "offValue": false,
      "onValue": true,
      "width": 12,
      "x": 173,
      "y": 40,
    },
    Object {
      "height": 20,
      "id": "note:16",
      "offValue": false,
      "onValue": true,
      "width": 18,
      "x": 180,
      "y": 80,
    },
    Object {
      "height": 20,
      "id": "note:17",
      "offValue": false,
      "onValue": true,
      "width": 18,
      "x": 200,
      "y": 80,
    },
    Object {
      "height": 40,
      "id": "note:18",
      "offValue": false,
      "onValue": true,
      "width": 12,
      "x": 213,
      "y": 40,
    },
    Object {
      "height": 20,
      "id": "note:19",
      "offValue": false,
      "onValue": true,
      "width": 18,
      "x": 220,
      "y": 80,
    },
    Object {
      "height": 40,
      "id": "note:20",
      "offValue": false,
      "onValue": true,
      "width": 12,
      "x": 233,
      "y": 40,
    },
    Object {
      "height": 20,
      "id": "note:21",
      "offValue": false,
      "onValue": true,
      "width": 18,
      "x": 240,
      "y": 80,
    },
    Object {
      "height": 40,
      "id": "note:22",
      "offValue": false,
      "onValue": true,
      "width": 12,
      "x": 253,
      "y": 40,
    },
    Object {
      "height": 20,
      "id": "note:23",
      "offValue": false,
      "onValue": true,
      "width": 18,
      "x": 260,
      "y": 80,
    },
    Object {
      "height": 20,
      "id": "note:24",
      "offValue": false,
      "onValue": true,
      "width": 18,
      "x": 280,
      "y": 80,
    },
    Object {
      "height": 40,
      "id": "note:25",
      "offValue": false,
      "onValue": true,
      "width": 12,
      "x": 293,
      "y": 40,
    },
    Object {
      "height": 20,
      "id": "note:26",
      "offValue": false,
      "onValue": true,
      "width": 18,
      "x": 300,
      "y": 80,
    },
    Object {
      "height": 40,
      "id": "note:27",
      "offValue": false,
      "onValue": true,
      "width": 12,
      "x": 313,
      "y": 40,
    },
    Object {
      "height": 20,
      "id": "note:28",
      "offValue": false,
      "onValue": true,
      "width": 18,
      "x": 320,
      "y": 80,
    },
    Object {
      "height": 20,
      "id": "note:29",
      "offValue": false,
      "onValue": true,
      "width": 18,
      "x": 340,
      "y": 80,
    },
    Object {
      "height": 40,
      "id": "note:30",
      "offValue": false,
      "onValue": true,
      "width": 12,
      "x": 353,
      "y": 40,
    },
    Object {
      "height": 20,
      "id": "note:31",
      "offValue": false,
      "onValue": true,
      "width": 18,
      "x": 360,
      "y": 80,
    },
    Object {
      "height": 40,
      "id": "note:32",
      "offValue": false,
      "onValue": true,
      "width": 12,
      "x": 373,
      "y": 40,
    },
    Object {
      "height": 20,
      "id": "note:33",
      "offValue": false,
      "onValue": true,
      "width": 18,
      "x": 380,
      "y": 80,
    },
    Object {
      "height": 40,
      "id": "note:34",
      "offValue": false,
      "onValue": true,
      "width": 12,
      "x": 393,
      "y": 40,
    },
    Object {
      "height": 20,
      "id": "note:35",
      "offValue": false,
      "onValue": true,
      "width": 18,
      "x": 400,
      "y": 80,
    },
    Object {
      "height": 20,
      "id": "note:36",
      "offValue": false,
      "onValue": true,
      "width": 18,
      "x": 420,
      "y": 80,
    },
    Object {
      "height": 40,
      "id": "note:37",
      "offValue": false,
      "onValue": true,
      "width": 12,
      "x": 433,
      "y": 40,
    },
    Object {
      "height": 20,
      "id": "note:38",
      "offValue": false,
      "onValue": true,
      "width": 18,
      "x": 440,
      "y": 80,
    },
    Object {
      "height": 40,
      "id": "note:39",
      "offValue": false,
      "onValue": true,
      "width": 12,
      "x": 453,
      "y": 40,
    },
    Object {
      "height": 20,
      "id": "note:40",
      "offValue": false,
      "onValue": true,
      "width": 18,
      "x": 460,
      "y": 80,
    },
    Object {
      "height": 20,
      "id": "note:41",
      "offValue": false,
      "onValue": true,
      "width": 18,
      "x": 480,
      "y": 80,
    },
    Object {
      "height": 40,
      "id": "note:42",
      "offValue": false,
      "onValue": true,
      "width": 12,
      "x": 493,
      "y": 40,
    },
    Object {
      "height": 20,
      "id": "note:43",
      "offValue": false,
      "onValue": true,
      "width": 18,
      "x": 500,
      "y": 80,
    },
    Object {
      "height": 40,
      "id": "note:44",
      "offValue": false,
      "onValue": true,
      "width": 12,
      "x": 513,
      "y": 40,
    },
    Object {
      "height": 20,
      "id": "note:45",
      "offValue": false,
      "onValue": true,
      "width": 18,
      "x": 520,
      "y": 80,
    },
    Object {
      "height": 40,
      "id": "note:46",
      "offValue": false,
      "onValue": true,
      "width": 12,
      "x": 533,
      "y": 40,
    },
    Object {
      "height": 20,
      "id": "note:47",
      "offValue": false,
      "onValue": true,
      "width": 18,
      "x": 540,
      "y": 80,
    },
    Object {
      "height": 20,
      "id": "note:48",
      "offValue": false,
      "onValue": true,
      "width": 18,
      "x": 560,
      "y": 80,
    },
    Object {
      "height": 40,
      "id": "note:49",
      "offValue": false,
      "onValue": true,
      "width": 12,
      "x": 573,
      "y": 40,
    },
    Object {
      "height": 20,
      "id": "note:50",
      "offValue": false,
      "onValue": true,
      "width": 18,
      "x": 580,
      "y": 80,
    },
    Object {
      "height": 40,
      "id": "note:51",
      "offValue": false,
      "onValue": true,
      "width": 12,
      "x": 593,
      "y": 40,
    },
    Object {
      "height": 20,
      "id": "note:52",
      "offValue": false,
      "onValue": true,
      "width": 18,
      "x": 600,
      "y": 80,
    },
    Object {
      "height": 20,
      "id": "note:53",
      "offValue": false,
      "onValue": true,
      "width": 18,
      "x": 620,
      "y": 80,
    },
    Object {
      "height": 40,
      "id": "note:54",
      "offValue": false,
      "onValue": true,
      "width": 12,
      "x": 633,
      "y": 40,
    },
    Object {
      "height": 20,
      "id": "note:55",
      "offValue": false,
      "onValue": true,
      "width": 18,
      "x": 640,
      "y": 80,
    },
    Object {
      "height": 40,
      "id": "note:56",
      "offValue": false,
      "onValue": true,
      "width": 12,
      "x": 653,
      "y": 40,
    },
    Object {
      "height": 20,
      "id": "note:57",
      "offValue": false,
      "onValue": true,
      "width": 18,
      "x": 660,
      "y": 80,
    },
    Object {
      "height": 40,
      "id": "note:58",
      "offValue": false,
      "onValue": true,
      "width": 12,
      "x": 673,
      "y": 40,
    },
    Object {
      "height": 20,
      "id": "note:59",
      "offValue": false,
      "onValue": true,
      "width": 18,
      "x": 680,
      "y": 80,
    },
    Object {
      "height": 20,
      "id": "note:60",
      "offValue": false,
      "onValue": true,
      "width": 18,
      "x": 700,
      "y": 80,
    },
    Object {
      "height": 40,
      "id": "note:61",
      "offValue": false,
      "onValue": true,
      "width": 12,
      "x": 713,
      "y": 40,
    },
    Object {
      "height": 20,
      "id": "note:62",
      "offValue": false,
      "onValue": true,
      "width": 18,
      "x": 720,
      "y": 80,
    },
    Object {
      "height": 40,
      "id": "note:63",
      "offValue": false,
      "onValue": true,
      "width": 12,
      "x": 733,
      "y": 40,
    },
    Object {
      "height": 20,
      "id": "note:64",
      "offValue": false,
      "onValue": true,
      "width": 18,
      "x": 740,
      "y": 80,
    },
    Object {
      "height": 20,
      "id": "note:65",
      "offValue": false,
      "onValue": true,
      "width": 18,
      "x": 760,
      "y": 80,
    },
    Object {
      "height": 40,
      "id": "note:66",
      "offValue": false,
      "onValue": true,
      "width": 12,
      "x": 773,
      "y": 40,
    },
    Object {
      "height": 20,
      "id": "note:67",
      "offValue": false,
      "onValue": true,
      "width": 18,
      "x": 780,
      "y": 80,
    },
    Object {
      "height": 40,
      "id": "note:68",
      "offValue": false,
      "onValue": true,
      "width": 12,
      "x": 793,
      "y": 40,
    },
    Object {
      "height": 20,
      "id": "note:69",
      "offValue": false,
      "onValue": true,
      "width": 18,
      "x": 800,
      "y": 80,
    },
    Object {
      "height": 40,
      "id": "note:70",
      "offValue": false,
      "onValue": true,
      "width": 12,
      "x": 813,
      "y": 40,
    },
    Object {
      "height": 20,
      "id": "note:71",
      "offValue": false,
      "onValue": true,
      "width": 18,
      "x": 820,
      "y": 80,
    },
    Object {
      "height": 20,
      "id": "note:72",
      "offValue": false,
      "onValue": true,
      "width": 18,
      "x": 840,
      "y": 80,
    },
    Object {
      "height": 40,
      "id": "note:73",
      "offValue": false,
      "onValue": true,
      "width": 12,
      "x": 853,
      "y": 40,
    },
    Object {
      "height": 20,
      "id": "note:74",
      "offValue": false,
      "onValue": true,
      "width": 18,
      "x": 860,
      "y": 80,
    },
    Object {
      "height": 40,
      "id": "note:75",
      "offValue": false,
      "onValue": true,
      "width": 12,
      "x": 873,
      "y": 40,
    },
    Object {
      "height": 20,
      "id": "note:76",
      "offValue": false,
      "onValue": true,
      "width": 18,
      "x": 880,
      "y": 80,
    },
    Object {
      "height": 20,
      "id": "note:77",
      "offValue": false,
      "onValue": true,
      "width": 18,
      "x": 900,
      "y": 80,
    },
    Object {
      "height": 40,
      "id": "note:78",
      "offValue": false,
      "onValue": true,
      "width": 12,
      "x": 913,
      "y": 40,
    },
    Object {
      "height": 20,
      "id": "note:79",
      "offValue": false,
      "onValue": true,
      "width": 18,
      "x": 920,
      "y": 80,
    },
    Object {
      "height": 40,
      "id": "note:80",
      "offValue": false,
      "onValue": true,
      "width": 12,
      "x": 933,
      "y": 40,
    },
    Object {
      "height": 20,
      "id": "note:81",
      "offValue": false,
      "onValue": true,
      "width": 18,
      "x": 940,
      "y": 80,
    },
    Object {
      "height": 40,
      "id": "note:82",
      "offValue": false,
      "onValue": true,
      "width": 12,
      "x": 953,
      "y": 40,
    },
    Object {
      "height": 20,
      "id": "note:83",
      "offValue": false,
      "onValue": true,
      "width": 18,
      "x": 960,
      "y": 80,
    },
    Object {
      "height": 20,
      "id": "note:84",
      "offValue": false,
      "onValue": true,
      "width": 18,
      "x": 980,
      "y": 80,
    },
    Object {
      "height": 40,
      "id": "note:85",
      "offValue": false,
      "onValue": true,
      "width": 12,
      "x": 993,
      "y": 40,
    },
    Object {
      "height": 20,
      "id": "note:86",
      "offValue": false,
      "onValue": true,
      "width": 18,
      "x": 1000,
      "y": 80,
    },
    Object {
      "height": 40,
      "id": "note:87",
      "offValue": false,
      "onValue": true,
      "width": 12,
      "x": 1013,
      "y": 40,
    },
    Object {
      "height": 20,
      "id": "note:88",
      "offValue": false,
      "onValue": true,
      "width": 18,
      "x": 1020,
      "y": 80,
    },
    Object {
      "height": 20,
      "id": "note:89",
      "offValue": false,
      "onValue": true,
      "width": 18,
      "x": 1040,
      "y": 80,
    },
    Object {
      "height": 40,
      "id": "note:90",
      "offValue": false,
      "onValue": true,
      "width": 12,
      "x": 1053,
      "y": 40,
    },
    Object {
      "height": 20,
      "id": "note:91",
      "offValue": false,
      "onValue": true,
      "width": 18,
      "x": 1060,
      "y": 80,
    },
    Object {
      "height": 40,
      "id": "note:92",
      "offValue": false,
      "onValue": true,
      "width": 12,
      "x": 1073,
      "y": 40,
    },
    Object {
      "height": 20,
      "id": "note:93",
      "offValue": false,
      "onValue": true,
      "width": 18,
      "x": 1080,
      "y": 80,
    },
    Object {
      "height": 40,
      "id": "note:94",
      "offValue": false,
      "onValue": true,
      "width": 12,
      "x": 1093,
      "y": 40,
    },
    Object {
      "height": 20,
      "id": "note:95",
      "offValue": false,
      "onValue": true,
      "width": 18,
      "x": 1100,
      "y": 80,
    },
    Object {
      "height": 20,
      "id": "note:96",
      "offValue": false,
      "onValue": true,
      "width": 18,
      "x": 1120,
      "y": 80,
    },
    Object {
      "height": 40,
      "id": "note:97",
      "offValue": false,
      "onValue": true,
      "width": 12,
      "x": 1133,
      "y": 40,
    },
    Object {
      "height": 20,
      "id": "note:98",
      "offValue": false,
      "onValue": true,
      "width": 18,
      "x": 1140,
      "y": 80,
    },
    Object {
      "height": 40,
      "id": "note:99",
      "offValue": false,
      "onValue": true,
      "width": 12,
      "x": 1153,
      "y": 40,
    },
    Object {
      "height": 20,
      "id": "note:100",
      "offValue": false,
      "onValue": true,
      "width": 18,
      "x": 1160,
      "y": 80,
    },
    Object {
      "height": 20,
      "id": "note:101",
      "offValue": false,
      "onValue": true,
      "width": 18,
      "x": 1180,
      "y": 80,
    },
    Object {
      "height": 40,
      "id": "note:102",
      "offValue": false,
      "onValue": true,
      "width": 12,
      "x": 1193,
      "y": 40,
    },
    Object {
      "height": 20,
      "id": "note:103",
      "offValue": false,
      "onValue": true,
      "width": 18,
      "x": 1200,
      "y": 80,
    },
    Object {
      "height": 40,
      "id": "note:104",
      "offValue": false,
      "onValue": true,
      "width": 12,
      "x": 1213,
      "y": 40,
    },
    Object {
      "height": 20,
      "id": "note:105",
      "offValue": false,
      "onValue": true,
      "width": 18,
      "x": 1220,
      "y": 80,
    },
    Object {
      "height": 40,
      "id": "note:106",
      "offValue": false,
      "onValue": true,
      "width": 12,
      "x": 1233,
      "y": 40,
    },
    Object {
      "height": 20,
      "id": "note:107",
      "offValue": false,
      "onValue": true,
      "width": 18,
      "x": 1240,
      "y": 80,
    },
    Object {
      "height": 20,
      "id": "note:108",
      "offValue": false,
      "onValue": true,
      "width": 18,
      "x": 1260,
      "y": 80,
    },
    Object {
      "height": 40,
      "id": "note:109",
      "offValue": false,
      "onValue": true,
      "width": 12,
      "x": 1273,
      "y": 40,
    },
    Object {
      "height": 20,
      "id": "note:110",
      "offValue": false,
      "onValue": true,
      "width": 18,
      "x": 1280,
      "y": 80,
    },
    Object {
      "height": 40,
      "id": "note:111",
      "offValue": false,
      "onValue": true,
      "width": 12,
      "x": 1293,
      "y": 40,
    },
    Object {
      "height": 20,
      "id": "note:112",
      "offValue": false,
      "onValue": true,
      "width": 18,
      "x": 1300,
      "y": 80,
    },
    Object {
      "height": 20,
      "id": "note:113",
      "offValue": false,
      "onValue": true,
      "width": 18,
      "x": 1320,
      "y": 80,
    },
    Object {
      "height": 40,
      "id": "note:114",
      "offValue": false,
      "onValue": true,
      "width": 12,
      "x": 1333,
      "y": 40,
    },
    Object {
      "height": 20,
      "id": "note:115",
      "offValue": false,
      "onValue": true,
      "width": 18,
      "x": 1340,
      "y": 80,
    },
    Object {
      "height": 40,
      "id": "note:116",
      "offValue": false,
      "onValue": true,
      "width": 12,
      "x": 1353,
      "y": 40,
    },
    Object {
      "height": 20,
      "id": "note:117",
      "offValue": false,
      "onValue": true,
      "width": 18,
      "x": 1360,
      "y": 80,
    },
    Object {
      "height": 40,
      "id": "note:118",
      "offValue": false,
      "onValue": true,
      "width": 12,
      "x": 1373,
      "y": 40,
    },
    Object {
      "height": 20,
      "id": "note:119",
      "offValue": false,
      "onValue": true,
      "width": 18,
      "x": 1380,
      "y": 80,
    },
    Object {
      "height": 20,
      "id": "note:120",
      "offValue": false,
      "onValue": true,
      "width": 18,
      "x": 1400,
      "y": 80,
    },
    Object {
      "height": 40,
      "id": "note:121",
      "offValue": false,
      "onValue": true,
      "width": 12,
      "x": 1413,
      "y": 40,
    },
    Object {
      "height": 20,
      "id": "note:122",
      "offValue": false,
      "onValue": true,
      "width": 18,
      "x": 1420,
      "y": 80,
    },
    Object {
      "height": 40,
      "id": "note:123",
      "offValue": false,
      "onValue": true,
      "width": 12,
      "x": 1433,
      "y": 40,
    },
    Object {
      "height": 20,
      "id": "note:124",
      "offValue": false,
      "onValue": true,
      "width": 18,
      "x": 1440,
      "y": 80,
    },
    Object {
      "height": 20,
      "id": "note:125",
      "offValue": false,
      "onValue": true,
      "width": 18,
      "x": 1460,
      "y": 80,
    },
    Object {
      "height": 40,
      "id": "note:126",
      "offValue": false,
      "onValue": true,
      "width": 12,
      "x": 1473,
      "y": 40,
    },
    Object {
      "height": 20,
      "id": "note:127",
      "offValue": false,
      "onValue": true,
      "width": 18,
      "x": 1480,
      "y": 80,
    },
  ],
  "transformer": [Function],
  "width": 126,
}
`;
