// Jest Snapshot v1, https://goo.gl/fbAQLP

exports[`generates correct module type descriptor 1`] = `
Object {
  "buttons": Array [],
  "category": "Other",
  "engine": Object {
    "config": Object {},
    "name": "attenuator",
  },
  "extractState": [Function],
  "height": 128,
  "initialState": Object {
    "divisor": 1,
  },
  "inputs": Array [
    Object {
      "height": 16,
      "id": "in",
      "width": 16,
      "x": 0,
      "y": 32,
    },
  ],
  "insertState": [Function],
  "name": "Attenuator",
  "outputs": Array [
    Object {
      "height": 16,
      "id": "out",
      "width": 16,
      "x": 112,
      "y": 32,
    },
  ],
  "sliders": Array [
    Object {
      "height": 80,
      "id": "divisor",
      "maxValue": 100,
      "minValue": 1,
      "onChange": [Function],
      "resolution": 1,
      "width": 16,
      "x": 64,
      "y": 48,
    },
  ],
  "width": 128,
}
`;
