// Jest Snapshot v1, https://goo.gl/fbAQLP

exports[`generates correct module type descriptor 1`] = `
Object {
  "buttons": Array [],
  "category": "Bitwise",
  "engine": Object {
    "config": Object {},
    "name": "bitwiseXor",
  },
  "height": 144,
  "initialState": Object {},
  "inputs": Array [
    Object {
      "height": 16,
      "id": "in:1",
      "label": "in",
      "width": 16,
      "x": 16,
      "y": 48,
    },
    Object {
      "height": 16,
      "id": "in:2",
      "label": "in",
      "width": 16,
      "x": 16,
      "y": 64,
    },
  ],
  "lines": Array [
    Object {
      "height": 1,
      "width": 128,
      "x": 8,
      "y": 8,
    },
    Object {
      "height": 128,
      "width": 1,
      "x": 136,
      "y": 8,
    },
    Object {
      "height": 1,
      "width": 128,
      "x": 8,
      "y": 136,
    },
    Object {
      "height": 128,
      "width": 1,
      "x": 8,
      "y": 8,
    },
  ],
  "name": "Bitwise XOR",
  "outputs": Array [
    Object {
      "id": "out",
      "x": 112,
      "y": 48,
    },
  ],
  "sliders": Array [],
  "steppers": Array [],
  "width": 144,
}
`;
