// Jest Snapshot v1, https://goo.gl/fbAQLP

exports[`generates correct module type descriptor 1`] = `
Object {
  "buttons": Array [],
  "category": "Clock",
  "engine": Object {
    "config": Object {},
    "name": "clockGenerator",
  },
  "extractState": [Function],
  "height": 128,
  "initialState": Object {
    "rate": 10,
  },
  "inputs": Array [],
  "insertState": [Function],
  "name": "Clock",
  "outputs": Array [
    Object {
      "height": 16,
      "id": "out",
      "width": 16,
      "x": 112,
      "y": 32,
    },
  ],
  "sliders": Array [
    Object {
      "height": 80,
      "id": "rate",
      "maxValue": 3000,
      "minValue": 0,
      "onChange": [Function],
      "resolution": 10,
      "width": 16,
      "x": 64,
      "y": 48,
    },
  ],
  "width": 128,
}
`;
