// Jest Snapshot v1, https://goo.gl/fbAQLP

exports[`generates correct module type descriptor 1`] = `
Object {
  "buttons": Array [],
  "category": "Clock",
  "engine": Object {
    "source": "
	private counter 0
	public rate 0
	output out 0

	local _counter
	local _output
	local _rate

	push out
	localSet _output

	push counter
	localSet _counter

	push rate
	localSet _rate

	push 12000
	push _counter
	greaterOrEqual
	if 
		push 32767
	else
		push 0
	end
	localSet _output

	push _counter
	push 32767
	greaterOrEqual
	if 
		push 0
	else
		push _counter
		push _rate
		add
	end
	localSet _counter

	pushRef out
	push _output
	store

	pushRef counter
	push _counter
	store
",
  },
  "extractState": [Function],
  "height": 128,
  "initialState": Object {
    "rate": 10,
  },
  "inputs": Array [],
  "insertState": [Function],
  "name": "Clock",
  "outputs": Array [
    Object {
      "height": 16,
      "id": "out",
      "width": 16,
      "x": 112,
      "y": 32,
    },
  ],
  "sliders": Array [
    Object {
      "height": 80,
      "id": "rate",
      "maxValue": 3000,
      "minValue": 0,
      "onChange": [Function],
      "resolution": 10,
      "width": 16,
      "x": 64,
      "y": 48,
    },
  ],
  "width": 128,
}
`;
