// Jest Snapshot v1, https://goo.gl/fbAQLP

exports[`generates correct module type descriptor 1`] = `
Object {
  "buttons": Array [],
  "category": "Other",
  "engine": Object {
    "config": Object {},
    "name": "constant",
  },
  "extractState": undefined,
  "height": 126,
  "initialState": Object {
    "out": 0,
  },
  "inputs": Array [],
  "insertState": undefined,
  "lines": Array [
    Object {
      "height": 1,
      "width": 96,
      "x": 6,
      "y": 7,
    },
    Object {
      "height": 112,
      "width": 1,
      "x": 102,
      "y": 7,
    },
    Object {
      "height": 1,
      "width": 96,
      "x": 6,
      "y": 119,
    },
    Object {
      "height": 112,
      "width": 1,
      "x": 6,
      "y": 7,
    },
  ],
  "name": "Constant",
  "outputs": Array [
    Object {
      "height": 13,
      "id": "out",
      "width": 12,
      "x": 84,
      "y": 42,
    },
  ],
  "sliders": Array [
    Object {
      "height": 70,
      "id": "out",
      "maxValue": 32767,
      "minValue": -32768,
      "onChange": [Function],
      "resolution": 100,
      "width": 12,
      "x": 48,
      "y": 42,
    },
  ],
  "steppers": Array [],
  "width": 108,
}
`;
