// Jest Snapshot v1, https://goo.gl/fbAQLP

exports[`generates correct module type descriptor 1`] = `
Object {
  "buttons": Array [],
  "category": "Other",
  "engine": Object {
    "config": Object {},
    "name": "constant",
  },
  "extractState": [Function],
  "height": 128,
  "initialState": Object {
    "out": 0,
  },
  "inputs": Array [],
  "insertState": [Function],
  "name": "Constant",
  "outputs": Array [
    Object {
      "height": 16,
      "id": "out",
      "width": 16,
      "x": 112,
      "y": 32,
    },
  ],
  "sliders": Array [
    Object {
      "height": 80,
      "id": "out",
      "maxValue": 32767,
      "minValue": -32768,
      "onChange": [Function],
      "resolution": 100,
      "width": 16,
      "x": 64,
      "y": 48,
    },
  ],
  "width": 128,
}
`;
