// Jest Snapshot v1, https://goo.gl/fbAQLP

exports[`generates correct module type descriptor 1`] = `
Object {
  "buttons": Array [],
  "category": "MIDI",
  "engine": Object {
    "config": Object {
      "numberOfDataPlaceholders": 2,
      "numberOfPorts": 3,
    },
    "name": "buffer",
  },
  "extractState": undefined,
  "height": 126,
  "initialState": Object {},
  "inputs": Array [
    Object {
      "height": 13,
      "id": "in:1",
      "label": "in",
      "width": 12,
      "x": 12,
      "y": 42,
    },
  ],
  "insertState": undefined,
  "lines": Array [
    Object {
      "height": 1,
      "width": 204,
      "x": 6,
      "y": 7,
    },
    Object {
      "height": 112,
      "width": 1,
      "x": 210,
      "y": 7,
    },
    Object {
      "height": 1,
      "width": 204,
      "x": 6,
      "y": 119,
    },
    Object {
      "height": 112,
      "width": 1,
      "x": 6,
      "y": 7,
    },
  ],
  "name": "CV to MIDI CC",
  "outputs": Array [],
  "sliders": Array [],
  "steppers": Array [
    Object {
      "height": 14,
      "id": "data:1",
      "label": "channel",
      "maxValue": 8,
      "minValue": 1,
      "onChange": [Function],
      "width": 12,
      "x": 60,
      "y": 42,
    },
    Object {
      "height": 14,
      "id": "data:2",
      "label": "cc",
      "maxValue": 127,
      "minValue": 1,
      "onChange": [Function],
      "width": 12,
      "x": 60,
      "y": 56,
    },
  ],
  "width": 216,
}
`;
