// Jest Snapshot v1, https://goo.gl/fbAQLP

exports[`generates correct module type descriptor 1`] = `
Object {
  "buttons": Array [],
  "category": "MIDI",
  "engine": Object {
    "config": Object {
      "numberOfDataPlaceholders": 1,
      "numberOfPorts": 3,
    },
    "name": "buffer",
  },
  "extractState": [Function],
  "height": 2304,
  "initialState": Object {},
  "inputs": Array [
    Object {
      "height": 16,
      "id": "in:1",
      "label": "note",
      "width": 16,
      "x": 16,
      "y": 48,
    },
    Object {
      "height": 16,
      "id": "in:2",
      "label": "on/off",
      "width": 16,
      "x": 16,
      "y": 64,
    },
    Object {
      "height": 16,
      "id": "in:3",
      "label": "velocity",
      "width": 16,
      "x": 16,
      "y": 80,
    },
  ],
  "insertState": [Function],
  "lines": Array [
    Object {
      "height": 1,
      "width": 2288,
      "x": 8,
      "y": 8,
    },
    Object {
      "height": 2288,
      "width": 1,
      "x": 2296,
      "y": 8,
    },
    Object {
      "height": 1,
      "width": 2288,
      "x": 8,
      "y": 2296,
    },
    Object {
      "height": 2288,
      "width": 1,
      "x": 8,
      "y": 8,
    },
  ],
  "name": "CV to MIDI Note",
  "outputs": Array [],
  "sliders": Array [],
  "steppers": Array [
    Object {
      "height": 16,
      "id": "data:1",
      "label": "channel",
      "maxValue": 8,
      "minValue": 1,
      "onChange": [Function],
      "width": 16,
      "x": 160,
      "y": 48,
    },
  ],
  "width": 2304,
}
`;
