// Jest Snapshot v1, https://goo.gl/fbAQLP

exports[`generates correct module type descriptor 1`] = `
Object {
  "buttons": Array [],
  "category": "MIDI",
  "engine": Object {
    "config": Object {
      "numberOfDataPlaceholders": 1,
      "numberOfPorts": 3,
    },
    "name": "buffer",
  },
  "extractState": [Function],
  "height": 128,
  "initialState": Object {},
  "inputs": Array [
    Object {
      "height": 16,
      "id": "in:1",
      "label": "note",
      "width": 16,
      "x": 0,
      "y": 32,
    },
    Object {
      "height": 16,
      "id": "in:2",
      "label": "on/off",
      "width": 16,
      "x": 0,
      "y": 48,
    },
    Object {
      "height": 16,
      "id": "in:3",
      "label": "velocity",
      "width": 16,
      "x": 0,
      "y": 64,
    },
  ],
  "insertState": [Function],
  "name": "CV to MIDI Note",
  "outputs": Array [],
  "sliders": Array [],
  "steppers": Array [
    Object {
      "downHitArea": Object {
        "height": 16,
        "width": 24,
        "x": 0,
        "y": 0,
      },
      "height": 16,
      "id": "data:1",
      "label": "channel",
      "maxValue": 8,
      "minValue": 1,
      "onChange": [Function],
      "upHitArea": Object {
        "height": 16,
        "width": 24,
        "x": 32,
        "y": 0,
      },
      "width": 56,
      "x": 112,
      "y": 32,
    },
  ],
  "width": 256,
}
`;
