// Jest Snapshot v1, https://goo.gl/fbAQLP

exports[`generates correct module type descriptor 1`] = `
Object {
  "buttons": Array [],
  "category": "Math",
  "engine": Object {
    "source": "
	private default 0
	inputPointer in default
	output out 0
		
	push &out
	push in
	push -1
	mul
	store
",
  },
  "height": 128,
  "initialState": Object {},
  "inputs": Array [
    Object {
      "height": 16,
      "id": "in",
      "width": 16,
      "x": 0,
      "y": 32,
    },
  ],
  "name": "Invert",
  "outputs": Array [
    Object {
      "height": 16,
      "id": "out",
      "width": 16,
      "x": 112,
      "y": 32,
    },
  ],
  "width": 128,
}
`;
