// Jest Snapshot v1, https://goo.gl/fbAQLP

exports[`generates correct module type descriptor 1`] = `
Object {
  "buttons": Array [],
  "category": "Logic",
  "engine": Object {
    "source": "
	private defaultValue 0
	inputPointer in defaultValue
	output out 0

	push &out
	push in
	push 0
	greaterThan
	if
		push 0
	else 
		push 32767
	end

	store
",
  },
  "height": 128,
  "initialState": Object {},
  "inputs": Array [
    Object {
      "height": 16,
      "id": "in",
      "width": 16,
      "x": 0,
      "y": 32,
    },
  ],
  "name": "Logic Negate",
  "outputs": Array [
    Object {
      "height": 16,
      "id": "out",
      "width": 16,
      "x": 112,
      "y": 32,
    },
  ],
  "width": 128,
}
`;
