// Jest Snapshot v1, https://goo.gl/fbAQLP

exports[`generates correct module type descriptor 1`] = `
Object {
  "buttons": Array [],
  "category": "Logic",
  "engine": Object {
    "source": "
	private defaultValue 0
	inputPointer in:1 defaultValue
	inputPointer in:2 defaultValue
	output out 0

	push in:1
	push 0
	greaterThan
	if void
		pushRef out
		push 32767
		store
		branch 1
	end

	push in:2
	push 0
	greaterThan
	if void
		pushRef out
		push 32767
		store
		branch 1
	end

	push out
	push 0
	store
",
  },
  "height": 128,
  "initialState": Object {},
  "inputs": Array [
    Object {
      "height": 16,
      "id": "in:1",
      "label": "in",
      "width": 16,
      "x": 0,
      "y": 32,
    },
    Object {
      "height": 16,
      "id": "in:2",
      "label": "in",
      "width": 16,
      "x": 0,
      "y": 48,
    },
  ],
  "name": "Logic OR",
  "outputs": Array [
    Object {
      "height": 16,
      "id": "out",
      "width": 16,
      "x": 112,
      "y": 32,
    },
  ],
  "width": 128,
}
`;
