// Jest Snapshot v1, https://goo.gl/fbAQLP

exports[`generates correct module type descriptor 1`] = `
Object {
  "buttons": Array [],
  "category": "Other",
  "engine": Object {
    "config": Object {},
    "name": "mixer",
  },
  "height": 128,
  "initialState": Object {},
  "inputs": Array [
    Object {
      "height": 16,
      "id": "in:1",
      "width": 16,
      "x": 0,
      "y": 32,
    },
    Object {
      "height": 16,
      "id": "in:2",
      "width": 16,
      "x": 0,
      "y": 48,
    },
    Object {
      "height": 16,
      "id": "in:3",
      "width": 16,
      "x": 0,
      "y": 64,
    },
    Object {
      "height": 16,
      "id": "in:4",
      "width": 16,
      "x": 0,
      "y": 80,
    },
  ],
  "name": "Mixer",
  "outputs": Array [
    Object {
      "height": 16,
      "id": "out",
      "width": 16,
      "x": 112,
      "y": 32,
    },
  ],
  "width": 128,
}
`;
