// Jest Snapshot v1, https://goo.gl/fbAQLP

exports[`generates correct module type descriptor 1`] = `
Object {
  "buttons": Array [],
  "category": "Other",
  "engine": Object {
    "source": "
	private defaultValue 0
	output out 0
	inputPointer in:1 defaultValue
	inputPointer in:2 defaultValue
	inputPointer in:3 defaultValue
	inputPointer in:4 defaultValue

	const HIGH 32767
	const LOW -32768

	local result

	push &out
		push in:1
		push in:2
		add
		push in:3
		add
		push in:4
		add
		localSet result

		push result
		push HIGH
		greaterOrEqual
		if
			push HIGH
		else
			push result
		end
		localSet result

		push result
		push LOW
		lessOrEqual
		if
			push LOW
		else
			push result
		end	
	store
",
  },
  "height": 128,
  "initialState": Object {},
  "inputs": Array [
    Object {
      "height": 16,
      "id": "in:1",
      "width": 16,
      "x": 0,
      "y": 32,
    },
    Object {
      "height": 16,
      "id": "in:2",
      "width": 16,
      "x": 0,
      "y": 48,
    },
    Object {
      "height": 16,
      "id": "in:3",
      "width": 16,
      "x": 0,
      "y": 64,
    },
    Object {
      "height": 16,
      "id": "in:4",
      "width": 16,
      "x": 0,
      "y": 80,
    },
  ],
  "name": "Mixer",
  "outputs": Array [
    Object {
      "height": 16,
      "id": "out",
      "width": 16,
      "x": 112,
      "y": 32,
    },
  ],
  "width": 128,
}
`;
