// Jest Snapshot v1, https://goo.gl/fbAQLP

exports[`generates correct module type descriptor 1`] = `
Object {
  "buttons": Array [],
  "category": "Inspection",
  "engine": Object {
    "source": "
		private defaultValue 0
		public numberOfInputs 1
		public numberOfOutputs 1
		public numberOfDataPlaceholders 1

		
			inputPointer in:1 defaultValue
		

		
			output out:1 0
		

		
			public data:1 0
		

		
			pushRef out:1
			push in:1
			store
		
	",
  },
  "height": 128,
  "initialState": Object {},
  "inputs": Array [
    Object {
      "height": 16,
      "id": "in:1",
      "label": "in",
      "width": 16,
      "x": 0,
      "y": 32,
    },
  ],
  "name": "Number",
  "outputs": Array [
    Object {
      "height": 16,
      "id": "out:1",
      "label": "out",
      "width": 16,
      "x": 112,
      "y": 32,
    },
  ],
  "width": 128,
}
`;
