// Jest Snapshot v1, https://goo.gl/fbAQLP

exports[`generates correct module type descriptor 1`] = `
Object {
  "buttons": Array [],
  "category": "Inspection",
  "engine": Object {
    "config": Object {
      "numberOfPorts": 1,
    },
    "name": "buffer",
  },
  "height": 144,
  "initialState": Object {},
  "inputs": Array [
    Object {
      "height": 16,
      "id": "in:1",
      "label": "in",
      "width": 16,
      "x": 16,
      "y": 48,
    },
  ],
  "lines": Array [
    Object {
      "height": 1,
      "width": 128,
      "x": 8,
      "y": 8,
    },
    Object {
      "height": 128,
      "width": 1,
      "x": 136,
      "y": 8,
    },
    Object {
      "height": 1,
      "width": 128,
      "x": 8,
      "y": 136,
    },
    Object {
      "height": 128,
      "width": 1,
      "x": 8,
      "y": 8,
    },
  ],
  "name": "Number",
  "outputs": Array [
    Object {
      "id": "out:1",
      "label": "out",
      "x": 112,
      "y": 48,
    },
  ],
  "sliders": Array [],
  "steppers": Array [],
  "width": 144,
}
`;
