// Jest Snapshot v1, https://goo.gl/fbAQLP

exports[`generates correct module type descriptor 1`] = `
Object {
  "buttons": Array [
    Object {
      "height": 20,
      "id": "note:0",
      "onClick": [Function],
      "value": -32767,
      "width": 18,
      "x": 6,
      "y": 105,
    },
    Object {
      "height": 40,
      "id": "note:1",
      "onClick": [Function],
      "value": -32251,
      "width": 12,
      "x": 19,
      "y": 63,
    },
    Object {
      "height": 20,
      "id": "note:2",
      "onClick": [Function],
      "value": -31735,
      "width": 18,
      "x": 26,
      "y": 105,
    },
    Object {
      "height": 40,
      "id": "note:3",
      "onClick": [Function],
      "value": -31219,
      "width": 12,
      "x": 39,
      "y": 63,
    },
    Object {
      "height": 20,
      "id": "note:4",
      "onClick": [Function],
      "value": -30703,
      "width": 18,
      "x": 46,
      "y": 105,
    },
    Object {
      "height": 20,
      "id": "note:5",
      "onClick": [Function],
      "value": -30187,
      "width": 18,
      "x": 66,
      "y": 105,
    },
    Object {
      "height": 40,
      "id": "note:6",
      "onClick": [Function],
      "value": -29671,
      "width": 12,
      "x": 79,
      "y": 63,
    },
    Object {
      "height": 20,
      "id": "note:7",
      "onClick": [Function],
      "value": -29155,
      "width": 18,
      "x": 86,
      "y": 105,
    },
    Object {
      "height": 40,
      "id": "note:8",
      "onClick": [Function],
      "value": -28639,
      "width": 12,
      "x": 99,
      "y": 63,
    },
    Object {
      "height": 20,
      "id": "note:9",
      "onClick": [Function],
      "value": -28123,
      "width": 18,
      "x": 106,
      "y": 105,
    },
    Object {
      "height": 40,
      "id": "note:10",
      "onClick": [Function],
      "value": -27607,
      "width": 12,
      "x": 119,
      "y": 63,
    },
    Object {
      "height": 20,
      "id": "note:11",
      "onClick": [Function],
      "value": -27091,
      "width": 18,
      "x": 126,
      "y": 105,
    },
    Object {
      "height": 20,
      "id": "note:12",
      "onClick": [Function],
      "value": -26575,
      "width": 18,
      "x": 146,
      "y": 105,
    },
    Object {
      "height": 40,
      "id": "note:13",
      "onClick": [Function],
      "value": -26059,
      "width": 12,
      "x": 159,
      "y": 63,
    },
    Object {
      "height": 20,
      "id": "note:14",
      "onClick": [Function],
      "value": -25543,
      "width": 18,
      "x": 166,
      "y": 105,
    },
    Object {
      "height": 40,
      "id": "note:15",
      "onClick": [Function],
      "value": -25027,
      "width": 12,
      "x": 179,
      "y": 63,
    },
    Object {
      "height": 20,
      "id": "note:16",
      "onClick": [Function],
      "value": -24511,
      "width": 18,
      "x": 186,
      "y": 105,
    },
    Object {
      "height": 20,
      "id": "note:17",
      "onClick": [Function],
      "value": -23995,
      "width": 18,
      "x": 206,
      "y": 105,
    },
    Object {
      "height": 40,
      "id": "note:18",
      "onClick": [Function],
      "value": -23479,
      "width": 12,
      "x": 219,
      "y": 63,
    },
    Object {
      "height": 20,
      "id": "note:19",
      "onClick": [Function],
      "value": -22963,
      "width": 18,
      "x": 226,
      "y": 105,
    },
    Object {
      "height": 40,
      "id": "note:20",
      "onClick": [Function],
      "value": -22447,
      "width": 12,
      "x": 239,
      "y": 63,
    },
    Object {
      "height": 20,
      "id": "note:21",
      "onClick": [Function],
      "value": -21931,
      "width": 18,
      "x": 246,
      "y": 105,
    },
    Object {
      "height": 40,
      "id": "note:22",
      "onClick": [Function],
      "value": -21415,
      "width": 12,
      "x": 259,
      "y": 63,
    },
    Object {
      "height": 20,
      "id": "note:23",
      "onClick": [Function],
      "value": -20899,
      "width": 18,
      "x": 266,
      "y": 105,
    },
    Object {
      "height": 20,
      "id": "note:24",
      "onClick": [Function],
      "value": -20383,
      "width": 18,
      "x": 286,
      "y": 105,
    },
    Object {
      "height": 40,
      "id": "note:25",
      "onClick": [Function],
      "value": -19867,
      "width": 12,
      "x": 299,
      "y": 63,
    },
    Object {
      "height": 20,
      "id": "note:26",
      "onClick": [Function],
      "value": -19351,
      "width": 18,
      "x": 306,
      "y": 105,
    },
    Object {
      "height": 40,
      "id": "note:27",
      "onClick": [Function],
      "value": -18835,
      "width": 12,
      "x": 319,
      "y": 63,
    },
    Object {
      "height": 20,
      "id": "note:28",
      "onClick": [Function],
      "value": -18319,
      "width": 18,
      "x": 326,
      "y": 105,
    },
    Object {
      "height": 20,
      "id": "note:29",
      "onClick": [Function],
      "value": -17803,
      "width": 18,
      "x": 346,
      "y": 105,
    },
    Object {
      "height": 40,
      "id": "note:30",
      "onClick": [Function],
      "value": -17287,
      "width": 12,
      "x": 359,
      "y": 63,
    },
    Object {
      "height": 20,
      "id": "note:31",
      "onClick": [Function],
      "value": -16771,
      "width": 18,
      "x": 366,
      "y": 105,
    },
    Object {
      "height": 40,
      "id": "note:32",
      "onClick": [Function],
      "value": -16255,
      "width": 12,
      "x": 379,
      "y": 63,
    },
    Object {
      "height": 20,
      "id": "note:33",
      "onClick": [Function],
      "value": -15739,
      "width": 18,
      "x": 386,
      "y": 105,
    },
    Object {
      "height": 40,
      "id": "note:34",
      "onClick": [Function],
      "value": -15223,
      "width": 12,
      "x": 399,
      "y": 63,
    },
    Object {
      "height": 20,
      "id": "note:35",
      "onClick": [Function],
      "value": -14707,
      "width": 18,
      "x": 406,
      "y": 105,
    },
    Object {
      "height": 20,
      "id": "note:36",
      "onClick": [Function],
      "value": -14191,
      "width": 18,
      "x": 426,
      "y": 105,
    },
    Object {
      "height": 40,
      "id": "note:37",
      "onClick": [Function],
      "value": -13675,
      "width": 12,
      "x": 439,
      "y": 63,
    },
    Object {
      "height": 20,
      "id": "note:38",
      "onClick": [Function],
      "value": -13159,
      "width": 18,
      "x": 446,
      "y": 105,
    },
    Object {
      "height": 40,
      "id": "note:39",
      "onClick": [Function],
      "value": -12643,
      "width": 12,
      "x": 459,
      "y": 63,
    },
    Object {
      "height": 20,
      "id": "note:40",
      "onClick": [Function],
      "value": -12127,
      "width": 18,
      "x": 466,
      "y": 105,
    },
    Object {
      "height": 20,
      "id": "note:41",
      "onClick": [Function],
      "value": -11611,
      "width": 18,
      "x": 486,
      "y": 105,
    },
    Object {
      "height": 40,
      "id": "note:42",
      "onClick": [Function],
      "value": -11095,
      "width": 12,
      "x": 499,
      "y": 63,
    },
    Object {
      "height": 20,
      "id": "note:43",
      "onClick": [Function],
      "value": -10579,
      "width": 18,
      "x": 506,
      "y": 105,
    },
    Object {
      "height": 40,
      "id": "note:44",
      "onClick": [Function],
      "value": -10063,
      "width": 12,
      "x": 519,
      "y": 63,
    },
    Object {
      "height": 20,
      "id": "note:45",
      "onClick": [Function],
      "value": -9547,
      "width": 18,
      "x": 526,
      "y": 105,
    },
    Object {
      "height": 40,
      "id": "note:46",
      "onClick": [Function],
      "value": -9031,
      "width": 12,
      "x": 539,
      "y": 63,
    },
    Object {
      "height": 20,
      "id": "note:47",
      "onClick": [Function],
      "value": -8515,
      "width": 18,
      "x": 546,
      "y": 105,
    },
    Object {
      "height": 20,
      "id": "note:48",
      "onClick": [Function],
      "value": -7999,
      "width": 18,
      "x": 566,
      "y": 105,
    },
    Object {
      "height": 40,
      "id": "note:49",
      "onClick": [Function],
      "value": -7483,
      "width": 12,
      "x": 579,
      "y": 63,
    },
    Object {
      "height": 20,
      "id": "note:50",
      "onClick": [Function],
      "value": -6967,
      "width": 18,
      "x": 586,
      "y": 105,
    },
    Object {
      "height": 40,
      "id": "note:51",
      "onClick": [Function],
      "value": -6451,
      "width": 12,
      "x": 599,
      "y": 63,
    },
    Object {
      "height": 20,
      "id": "note:52",
      "onClick": [Function],
      "value": -5935,
      "width": 18,
      "x": 606,
      "y": 105,
    },
    Object {
      "height": 20,
      "id": "note:53",
      "onClick": [Function],
      "value": -5419,
      "width": 18,
      "x": 626,
      "y": 105,
    },
    Object {
      "height": 40,
      "id": "note:54",
      "onClick": [Function],
      "value": -4903,
      "width": 12,
      "x": 639,
      "y": 63,
    },
    Object {
      "height": 20,
      "id": "note:55",
      "onClick": [Function],
      "value": -4387,
      "width": 18,
      "x": 646,
      "y": 105,
    },
    Object {
      "height": 40,
      "id": "note:56",
      "onClick": [Function],
      "value": -3871,
      "width": 12,
      "x": 659,
      "y": 63,
    },
    Object {
      "height": 20,
      "id": "note:57",
      "onClick": [Function],
      "value": -3355,
      "width": 18,
      "x": 666,
      "y": 105,
    },
    Object {
      "height": 40,
      "id": "note:58",
      "onClick": [Function],
      "value": -2839,
      "width": 12,
      "x": 679,
      "y": 63,
    },
    Object {
      "height": 20,
      "id": "note:59",
      "onClick": [Function],
      "value": -2323,
      "width": 18,
      "x": 686,
      "y": 105,
    },
    Object {
      "height": 20,
      "id": "note:60",
      "onClick": [Function],
      "value": -1807,
      "width": 18,
      "x": 706,
      "y": 105,
    },
    Object {
      "height": 40,
      "id": "note:61",
      "onClick": [Function],
      "value": -1291,
      "width": 12,
      "x": 719,
      "y": 63,
    },
    Object {
      "height": 20,
      "id": "note:62",
      "onClick": [Function],
      "value": -775,
      "width": 18,
      "x": 726,
      "y": 105,
    },
    Object {
      "height": 40,
      "id": "note:63",
      "onClick": [Function],
      "value": -259,
      "width": 12,
      "x": 739,
      "y": 63,
    },
    Object {
      "height": 20,
      "id": "note:64",
      "onClick": [Function],
      "value": 258,
      "width": 18,
      "x": 746,
      "y": 105,
    },
    Object {
      "height": 20,
      "id": "note:65",
      "onClick": [Function],
      "value": 774,
      "width": 18,
      "x": 766,
      "y": 105,
    },
    Object {
      "height": 40,
      "id": "note:66",
      "onClick": [Function],
      "value": 1290,
      "width": 12,
      "x": 779,
      "y": 63,
    },
    Object {
      "height": 20,
      "id": "note:67",
      "onClick": [Function],
      "value": 1806,
      "width": 18,
      "x": 786,
      "y": 105,
    },
    Object {
      "height": 40,
      "id": "note:68",
      "onClick": [Function],
      "value": 2322,
      "width": 12,
      "x": 799,
      "y": 63,
    },
    Object {
      "height": 20,
      "id": "note:69",
      "onClick": [Function],
      "value": 2838,
      "width": 18,
      "x": 806,
      "y": 105,
    },
    Object {
      "height": 40,
      "id": "note:70",
      "onClick": [Function],
      "value": 3354,
      "width": 12,
      "x": 819,
      "y": 63,
    },
    Object {
      "height": 20,
      "id": "note:71",
      "onClick": [Function],
      "value": 3870,
      "width": 18,
      "x": 826,
      "y": 105,
    },
    Object {
      "height": 20,
      "id": "note:72",
      "onClick": [Function],
      "value": 4386,
      "width": 18,
      "x": 846,
      "y": 105,
    },
    Object {
      "height": 40,
      "id": "note:73",
      "onClick": [Function],
      "value": 4902,
      "width": 12,
      "x": 859,
      "y": 63,
    },
    Object {
      "height": 20,
      "id": "note:74",
      "onClick": [Function],
      "value": 5418,
      "width": 18,
      "x": 866,
      "y": 105,
    },
    Object {
      "height": 40,
      "id": "note:75",
      "onClick": [Function],
      "value": 5934,
      "width": 12,
      "x": 879,
      "y": 63,
    },
    Object {
      "height": 20,
      "id": "note:76",
      "onClick": [Function],
      "value": 6450,
      "width": 18,
      "x": 886,
      "y": 105,
    },
    Object {
      "height": 20,
      "id": "note:77",
      "onClick": [Function],
      "value": 6966,
      "width": 18,
      "x": 906,
      "y": 105,
    },
    Object {
      "height": 40,
      "id": "note:78",
      "onClick": [Function],
      "value": 7482,
      "width": 12,
      "x": 919,
      "y": 63,
    },
    Object {
      "height": 20,
      "id": "note:79",
      "onClick": [Function],
      "value": 7998,
      "width": 18,
      "x": 926,
      "y": 105,
    },
    Object {
      "height": 40,
      "id": "note:80",
      "onClick": [Function],
      "value": 8514,
      "width": 12,
      "x": 939,
      "y": 63,
    },
    Object {
      "height": 20,
      "id": "note:81",
      "onClick": [Function],
      "value": 9030,
      "width": 18,
      "x": 946,
      "y": 105,
    },
    Object {
      "height": 40,
      "id": "note:82",
      "onClick": [Function],
      "value": 9546,
      "width": 12,
      "x": 959,
      "y": 63,
    },
    Object {
      "height": 20,
      "id": "note:83",
      "onClick": [Function],
      "value": 10062,
      "width": 18,
      "x": 966,
      "y": 105,
    },
    Object {
      "height": 20,
      "id": "note:84",
      "onClick": [Function],
      "value": 10578,
      "width": 18,
      "x": 986,
      "y": 105,
    },
    Object {
      "height": 40,
      "id": "note:85",
      "onClick": [Function],
      "value": 11094,
      "width": 12,
      "x": 999,
      "y": 63,
    },
    Object {
      "height": 20,
      "id": "note:86",
      "onClick": [Function],
      "value": 11610,
      "width": 18,
      "x": 1006,
      "y": 105,
    },
    Object {
      "height": 40,
      "id": "note:87",
      "onClick": [Function],
      "value": 12126,
      "width": 12,
      "x": 1019,
      "y": 63,
    },
    Object {
      "height": 20,
      "id": "note:88",
      "onClick": [Function],
      "value": 12642,
      "width": 18,
      "x": 1026,
      "y": 105,
    },
    Object {
      "height": 20,
      "id": "note:89",
      "onClick": [Function],
      "value": 13158,
      "width": 18,
      "x": 1046,
      "y": 105,
    },
    Object {
      "height": 40,
      "id": "note:90",
      "onClick": [Function],
      "value": 13674,
      "width": 12,
      "x": 1059,
      "y": 63,
    },
    Object {
      "height": 20,
      "id": "note:91",
      "onClick": [Function],
      "value": 14190,
      "width": 18,
      "x": 1066,
      "y": 105,
    },
    Object {
      "height": 40,
      "id": "note:92",
      "onClick": [Function],
      "value": 14706,
      "width": 12,
      "x": 1079,
      "y": 63,
    },
    Object {
      "height": 20,
      "id": "note:93",
      "onClick": [Function],
      "value": 15222,
      "width": 18,
      "x": 1086,
      "y": 105,
    },
    Object {
      "height": 40,
      "id": "note:94",
      "onClick": [Function],
      "value": 15738,
      "width": 12,
      "x": 1099,
      "y": 63,
    },
    Object {
      "height": 20,
      "id": "note:95",
      "onClick": [Function],
      "value": 16254,
      "width": 18,
      "x": 1106,
      "y": 105,
    },
    Object {
      "height": 20,
      "id": "note:96",
      "onClick": [Function],
      "value": 16770,
      "width": 18,
      "x": 1126,
      "y": 105,
    },
    Object {
      "height": 40,
      "id": "note:97",
      "onClick": [Function],
      "value": 17286,
      "width": 12,
      "x": 1139,
      "y": 63,
    },
    Object {
      "height": 20,
      "id": "note:98",
      "onClick": [Function],
      "value": 17802,
      "width": 18,
      "x": 1146,
      "y": 105,
    },
    Object {
      "height": 40,
      "id": "note:99",
      "onClick": [Function],
      "value": 18318,
      "width": 12,
      "x": 1159,
      "y": 63,
    },
    Object {
      "height": 20,
      "id": "note:100",
      "onClick": [Function],
      "value": 18834,
      "width": 18,
      "x": 1166,
      "y": 105,
    },
    Object {
      "height": 20,
      "id": "note:101",
      "onClick": [Function],
      "value": 19350,
      "width": 18,
      "x": 1186,
      "y": 105,
    },
    Object {
      "height": 40,
      "id": "note:102",
      "onClick": [Function],
      "value": 19866,
      "width": 12,
      "x": 1199,
      "y": 63,
    },
    Object {
      "height": 20,
      "id": "note:103",
      "onClick": [Function],
      "value": 20382,
      "width": 18,
      "x": 1206,
      "y": 105,
    },
    Object {
      "height": 40,
      "id": "note:104",
      "onClick": [Function],
      "value": 20898,
      "width": 12,
      "x": 1219,
      "y": 63,
    },
    Object {
      "height": 20,
      "id": "note:105",
      "onClick": [Function],
      "value": 21414,
      "width": 18,
      "x": 1226,
      "y": 105,
    },
    Object {
      "height": 40,
      "id": "note:106",
      "onClick": [Function],
      "value": 21930,
      "width": 12,
      "x": 1239,
      "y": 63,
    },
    Object {
      "height": 20,
      "id": "note:107",
      "onClick": [Function],
      "value": 22446,
      "width": 18,
      "x": 1246,
      "y": 105,
    },
    Object {
      "height": 20,
      "id": "note:108",
      "onClick": [Function],
      "value": 22962,
      "width": 18,
      "x": 1266,
      "y": 105,
    },
    Object {
      "height": 40,
      "id": "note:109",
      "onClick": [Function],
      "value": 23478,
      "width": 12,
      "x": 1279,
      "y": 63,
    },
    Object {
      "height": 20,
      "id": "note:110",
      "onClick": [Function],
      "value": 23994,
      "width": 18,
      "x": 1286,
      "y": 105,
    },
    Object {
      "height": 40,
      "id": "note:111",
      "onClick": [Function],
      "value": 24510,
      "width": 12,
      "x": 1299,
      "y": 63,
    },
    Object {
      "height": 20,
      "id": "note:112",
      "onClick": [Function],
      "value": 25026,
      "width": 18,
      "x": 1306,
      "y": 105,
    },
    Object {
      "height": 20,
      "id": "note:113",
      "onClick": [Function],
      "value": 25542,
      "width": 18,
      "x": 1326,
      "y": 105,
    },
    Object {
      "height": 40,
      "id": "note:114",
      "onClick": [Function],
      "value": 26058,
      "width": 12,
      "x": 1339,
      "y": 63,
    },
    Object {
      "height": 20,
      "id": "note:115",
      "onClick": [Function],
      "value": 26574,
      "width": 18,
      "x": 1346,
      "y": 105,
    },
    Object {
      "height": 40,
      "id": "note:116",
      "onClick": [Function],
      "value": 27090,
      "width": 12,
      "x": 1359,
      "y": 63,
    },
    Object {
      "height": 20,
      "id": "note:117",
      "onClick": [Function],
      "value": 27606,
      "width": 18,
      "x": 1366,
      "y": 105,
    },
    Object {
      "height": 40,
      "id": "note:118",
      "onClick": [Function],
      "value": 28122,
      "width": 12,
      "x": 1379,
      "y": 63,
    },
    Object {
      "height": 20,
      "id": "note:119",
      "onClick": [Function],
      "value": 28638,
      "width": 18,
      "x": 1386,
      "y": 105,
    },
    Object {
      "height": 20,
      "id": "note:120",
      "onClick": [Function],
      "value": 29154,
      "width": 18,
      "x": 1406,
      "y": 105,
    },
    Object {
      "height": 40,
      "id": "note:121",
      "onClick": [Function],
      "value": 29670,
      "width": 12,
      "x": 1419,
      "y": 63,
    },
    Object {
      "height": 20,
      "id": "note:122",
      "onClick": [Function],
      "value": 30186,
      "width": 18,
      "x": 1426,
      "y": 105,
    },
    Object {
      "height": 40,
      "id": "note:123",
      "onClick": [Function],
      "value": 30702,
      "width": 12,
      "x": 1439,
      "y": 63,
    },
    Object {
      "height": 20,
      "id": "note:124",
      "onClick": [Function],
      "value": 31218,
      "width": 18,
      "x": 1446,
      "y": 105,
    },
    Object {
      "height": 20,
      "id": "note:125",
      "onClick": [Function],
      "value": 31734,
      "width": 18,
      "x": 1466,
      "y": 105,
    },
    Object {
      "height": 40,
      "id": "note:126",
      "onClick": [Function],
      "value": 32250,
      "width": 12,
      "x": 1479,
      "y": 63,
    },
    Object {
      "height": 20,
      "id": "note:127",
      "onClick": [Function],
      "value": 32767,
      "width": 18,
      "x": 1486,
      "y": 105,
    },
  ],
  "category": "Quantizer",
  "drawer": Object {
    "config": Object {
      "keyCount": 128,
      "x": 6,
      "y": 63,
    },
    "name": "piano",
  },
  "engine": Object {
    "config": Object {
      "allocatedNotes": 32,
    },
    "name": "quantizer",
  },
  "height": 126,
  "initialState": Object {},
  "inputs": Array [
    Object {
      "height": 13,
      "id": "in",
      "width": 12,
      "x": 12,
      "y": 42,
    },
  ],
  "lines": Array [
    Object {
      "height": 1,
      "width": 1428,
      "x": 6,
      "y": 7,
    },
    Object {
      "height": 112,
      "width": 1,
      "x": 1434,
      "y": 7,
    },
    Object {
      "height": 1,
      "width": 1428,
      "x": 6,
      "y": 119,
    },
    Object {
      "height": 112,
      "width": 1,
      "x": 6,
      "y": 7,
    },
  ],
  "name": "Quantizer 120",
  "outputs": Array [
    Object {
      "height": 13,
      "id": "out",
      "width": 12,
      "x": 1416,
      "y": 42,
    },
  ],
  "restoreState": undefined,
  "saveState": undefined,
  "sliders": Array [],
  "steppers": Array [],
  "width": 1440,
}
`;
