// Jest Snapshot v1, https://goo.gl/fbAQLP

exports[`generates correct module type descriptor 1`] = `
Object {
  "buttons": Array [
    Object {
      "height": 20,
      "id": "note:0",
      "onClick": [Function],
      "value": -32767,
      "width": 18,
      "x": 12,
      "y": 84,
    },
    Object {
      "height": 40,
      "id": "note:1",
      "onClick": [Function],
      "value": -32251,
      "width": 12,
      "x": 25,
      "y": 42,
    },
    Object {
      "height": 20,
      "id": "note:2",
      "onClick": [Function],
      "value": -31735,
      "width": 18,
      "x": 32,
      "y": 84,
    },
    Object {
      "height": 40,
      "id": "note:3",
      "onClick": [Function],
      "value": -31219,
      "width": 12,
      "x": 45,
      "y": 42,
    },
    Object {
      "height": 20,
      "id": "note:4",
      "onClick": [Function],
      "value": -30703,
      "width": 18,
      "x": 52,
      "y": 84,
    },
    Object {
      "height": 20,
      "id": "note:5",
      "onClick": [Function],
      "value": -30187,
      "width": 18,
      "x": 72,
      "y": 84,
    },
    Object {
      "height": 40,
      "id": "note:6",
      "onClick": [Function],
      "value": -29671,
      "width": 12,
      "x": 85,
      "y": 42,
    },
    Object {
      "height": 20,
      "id": "note:7",
      "onClick": [Function],
      "value": -29155,
      "width": 18,
      "x": 92,
      "y": 84,
    },
    Object {
      "height": 40,
      "id": "note:8",
      "onClick": [Function],
      "value": -28639,
      "width": 12,
      "x": 105,
      "y": 42,
    },
    Object {
      "height": 20,
      "id": "note:9",
      "onClick": [Function],
      "value": -28123,
      "width": 18,
      "x": 112,
      "y": 84,
    },
    Object {
      "height": 40,
      "id": "note:10",
      "onClick": [Function],
      "value": -27607,
      "width": 12,
      "x": 125,
      "y": 42,
    },
    Object {
      "height": 20,
      "id": "note:11",
      "onClick": [Function],
      "value": -27091,
      "width": 18,
      "x": 132,
      "y": 84,
    },
    Object {
      "height": 20,
      "id": "note:12",
      "onClick": [Function],
      "value": -26575,
      "width": 18,
      "x": 152,
      "y": 84,
    },
    Object {
      "height": 40,
      "id": "note:13",
      "onClick": [Function],
      "value": -26059,
      "width": 12,
      "x": 165,
      "y": 42,
    },
    Object {
      "height": 20,
      "id": "note:14",
      "onClick": [Function],
      "value": -25543,
      "width": 18,
      "x": 172,
      "y": 84,
    },
    Object {
      "height": 40,
      "id": "note:15",
      "onClick": [Function],
      "value": -25027,
      "width": 12,
      "x": 185,
      "y": 42,
    },
    Object {
      "height": 20,
      "id": "note:16",
      "onClick": [Function],
      "value": -24511,
      "width": 18,
      "x": 192,
      "y": 84,
    },
    Object {
      "height": 20,
      "id": "note:17",
      "onClick": [Function],
      "value": -23995,
      "width": 18,
      "x": 212,
      "y": 84,
    },
    Object {
      "height": 40,
      "id": "note:18",
      "onClick": [Function],
      "value": -23479,
      "width": 12,
      "x": 225,
      "y": 42,
    },
    Object {
      "height": 20,
      "id": "note:19",
      "onClick": [Function],
      "value": -22963,
      "width": 18,
      "x": 232,
      "y": 84,
    },
    Object {
      "height": 40,
      "id": "note:20",
      "onClick": [Function],
      "value": -22447,
      "width": 12,
      "x": 245,
      "y": 42,
    },
    Object {
      "height": 20,
      "id": "note:21",
      "onClick": [Function],
      "value": -21931,
      "width": 18,
      "x": 252,
      "y": 84,
    },
    Object {
      "height": 40,
      "id": "note:22",
      "onClick": [Function],
      "value": -21415,
      "width": 12,
      "x": 265,
      "y": 42,
    },
    Object {
      "height": 20,
      "id": "note:23",
      "onClick": [Function],
      "value": -20899,
      "width": 18,
      "x": 272,
      "y": 84,
    },
    Object {
      "height": 20,
      "id": "note:24",
      "onClick": [Function],
      "value": -20383,
      "width": 18,
      "x": 292,
      "y": 84,
    },
    Object {
      "height": 40,
      "id": "note:25",
      "onClick": [Function],
      "value": -19867,
      "width": 12,
      "x": 305,
      "y": 42,
    },
    Object {
      "height": 20,
      "id": "note:26",
      "onClick": [Function],
      "value": -19351,
      "width": 18,
      "x": 312,
      "y": 84,
    },
    Object {
      "height": 40,
      "id": "note:27",
      "onClick": [Function],
      "value": -18835,
      "width": 12,
      "x": 325,
      "y": 42,
    },
    Object {
      "height": 20,
      "id": "note:28",
      "onClick": [Function],
      "value": -18319,
      "width": 18,
      "x": 332,
      "y": 84,
    },
    Object {
      "height": 20,
      "id": "note:29",
      "onClick": [Function],
      "value": -17803,
      "width": 18,
      "x": 352,
      "y": 84,
    },
    Object {
      "height": 40,
      "id": "note:30",
      "onClick": [Function],
      "value": -17287,
      "width": 12,
      "x": 365,
      "y": 42,
    },
    Object {
      "height": 20,
      "id": "note:31",
      "onClick": [Function],
      "value": -16771,
      "width": 18,
      "x": 372,
      "y": 84,
    },
    Object {
      "height": 40,
      "id": "note:32",
      "onClick": [Function],
      "value": -16255,
      "width": 12,
      "x": 385,
      "y": 42,
    },
    Object {
      "height": 20,
      "id": "note:33",
      "onClick": [Function],
      "value": -15739,
      "width": 18,
      "x": 392,
      "y": 84,
    },
    Object {
      "height": 40,
      "id": "note:34",
      "onClick": [Function],
      "value": -15223,
      "width": 12,
      "x": 405,
      "y": 42,
    },
    Object {
      "height": 20,
      "id": "note:35",
      "onClick": [Function],
      "value": -14707,
      "width": 18,
      "x": 412,
      "y": 84,
    },
    Object {
      "height": 20,
      "id": "note:36",
      "onClick": [Function],
      "value": -14191,
      "width": 18,
      "x": 432,
      "y": 84,
    },
    Object {
      "height": 40,
      "id": "note:37",
      "onClick": [Function],
      "value": -13675,
      "width": 12,
      "x": 445,
      "y": 42,
    },
    Object {
      "height": 20,
      "id": "note:38",
      "onClick": [Function],
      "value": -13159,
      "width": 18,
      "x": 452,
      "y": 84,
    },
    Object {
      "height": 40,
      "id": "note:39",
      "onClick": [Function],
      "value": -12643,
      "width": 12,
      "x": 465,
      "y": 42,
    },
    Object {
      "height": 20,
      "id": "note:40",
      "onClick": [Function],
      "value": -12127,
      "width": 18,
      "x": 472,
      "y": 84,
    },
    Object {
      "height": 20,
      "id": "note:41",
      "onClick": [Function],
      "value": -11611,
      "width": 18,
      "x": 492,
      "y": 84,
    },
    Object {
      "height": 40,
      "id": "note:42",
      "onClick": [Function],
      "value": -11095,
      "width": 12,
      "x": 505,
      "y": 42,
    },
    Object {
      "height": 20,
      "id": "note:43",
      "onClick": [Function],
      "value": -10579,
      "width": 18,
      "x": 512,
      "y": 84,
    },
    Object {
      "height": 40,
      "id": "note:44",
      "onClick": [Function],
      "value": -10063,
      "width": 12,
      "x": 525,
      "y": 42,
    },
    Object {
      "height": 20,
      "id": "note:45",
      "onClick": [Function],
      "value": -9547,
      "width": 18,
      "x": 532,
      "y": 84,
    },
    Object {
      "height": 40,
      "id": "note:46",
      "onClick": [Function],
      "value": -9031,
      "width": 12,
      "x": 545,
      "y": 42,
    },
    Object {
      "height": 20,
      "id": "note:47",
      "onClick": [Function],
      "value": -8515,
      "width": 18,
      "x": 552,
      "y": 84,
    },
    Object {
      "height": 20,
      "id": "note:48",
      "onClick": [Function],
      "value": -7999,
      "width": 18,
      "x": 572,
      "y": 84,
    },
    Object {
      "height": 40,
      "id": "note:49",
      "onClick": [Function],
      "value": -7483,
      "width": 12,
      "x": 585,
      "y": 42,
    },
    Object {
      "height": 20,
      "id": "note:50",
      "onClick": [Function],
      "value": -6967,
      "width": 18,
      "x": 592,
      "y": 84,
    },
    Object {
      "height": 40,
      "id": "note:51",
      "onClick": [Function],
      "value": -6451,
      "width": 12,
      "x": 605,
      "y": 42,
    },
    Object {
      "height": 20,
      "id": "note:52",
      "onClick": [Function],
      "value": -5935,
      "width": 18,
      "x": 612,
      "y": 84,
    },
    Object {
      "height": 20,
      "id": "note:53",
      "onClick": [Function],
      "value": -5419,
      "width": 18,
      "x": 632,
      "y": 84,
    },
    Object {
      "height": 40,
      "id": "note:54",
      "onClick": [Function],
      "value": -4903,
      "width": 12,
      "x": 645,
      "y": 42,
    },
    Object {
      "height": 20,
      "id": "note:55",
      "onClick": [Function],
      "value": -4387,
      "width": 18,
      "x": 652,
      "y": 84,
    },
    Object {
      "height": 40,
      "id": "note:56",
      "onClick": [Function],
      "value": -3871,
      "width": 12,
      "x": 665,
      "y": 42,
    },
    Object {
      "height": 20,
      "id": "note:57",
      "onClick": [Function],
      "value": -3355,
      "width": 18,
      "x": 672,
      "y": 84,
    },
    Object {
      "height": 40,
      "id": "note:58",
      "onClick": [Function],
      "value": -2839,
      "width": 12,
      "x": 685,
      "y": 42,
    },
    Object {
      "height": 20,
      "id": "note:59",
      "onClick": [Function],
      "value": -2323,
      "width": 18,
      "x": 692,
      "y": 84,
    },
    Object {
      "height": 20,
      "id": "note:60",
      "onClick": [Function],
      "value": -1807,
      "width": 18,
      "x": 712,
      "y": 84,
    },
    Object {
      "height": 40,
      "id": "note:61",
      "onClick": [Function],
      "value": -1291,
      "width": 12,
      "x": 725,
      "y": 42,
    },
    Object {
      "height": 20,
      "id": "note:62",
      "onClick": [Function],
      "value": -775,
      "width": 18,
      "x": 732,
      "y": 84,
    },
    Object {
      "height": 40,
      "id": "note:63",
      "onClick": [Function],
      "value": -259,
      "width": 12,
      "x": 745,
      "y": 42,
    },
    Object {
      "height": 20,
      "id": "note:64",
      "onClick": [Function],
      "value": 258,
      "width": 18,
      "x": 752,
      "y": 84,
    },
    Object {
      "height": 20,
      "id": "note:65",
      "onClick": [Function],
      "value": 774,
      "width": 18,
      "x": 772,
      "y": 84,
    },
    Object {
      "height": 40,
      "id": "note:66",
      "onClick": [Function],
      "value": 1290,
      "width": 12,
      "x": 785,
      "y": 42,
    },
    Object {
      "height": 20,
      "id": "note:67",
      "onClick": [Function],
      "value": 1806,
      "width": 18,
      "x": 792,
      "y": 84,
    },
    Object {
      "height": 40,
      "id": "note:68",
      "onClick": [Function],
      "value": 2322,
      "width": 12,
      "x": 805,
      "y": 42,
    },
    Object {
      "height": 20,
      "id": "note:69",
      "onClick": [Function],
      "value": 2838,
      "width": 18,
      "x": 812,
      "y": 84,
    },
    Object {
      "height": 40,
      "id": "note:70",
      "onClick": [Function],
      "value": 3354,
      "width": 12,
      "x": 825,
      "y": 42,
    },
    Object {
      "height": 20,
      "id": "note:71",
      "onClick": [Function],
      "value": 3870,
      "width": 18,
      "x": 832,
      "y": 84,
    },
    Object {
      "height": 20,
      "id": "note:72",
      "onClick": [Function],
      "value": 4386,
      "width": 18,
      "x": 852,
      "y": 84,
    },
    Object {
      "height": 40,
      "id": "note:73",
      "onClick": [Function],
      "value": 4902,
      "width": 12,
      "x": 865,
      "y": 42,
    },
    Object {
      "height": 20,
      "id": "note:74",
      "onClick": [Function],
      "value": 5418,
      "width": 18,
      "x": 872,
      "y": 84,
    },
    Object {
      "height": 40,
      "id": "note:75",
      "onClick": [Function],
      "value": 5934,
      "width": 12,
      "x": 885,
      "y": 42,
    },
    Object {
      "height": 20,
      "id": "note:76",
      "onClick": [Function],
      "value": 6450,
      "width": 18,
      "x": 892,
      "y": 84,
    },
    Object {
      "height": 20,
      "id": "note:77",
      "onClick": [Function],
      "value": 6966,
      "width": 18,
      "x": 912,
      "y": 84,
    },
    Object {
      "height": 40,
      "id": "note:78",
      "onClick": [Function],
      "value": 7482,
      "width": 12,
      "x": 925,
      "y": 42,
    },
    Object {
      "height": 20,
      "id": "note:79",
      "onClick": [Function],
      "value": 7998,
      "width": 18,
      "x": 932,
      "y": 84,
    },
    Object {
      "height": 40,
      "id": "note:80",
      "onClick": [Function],
      "value": 8514,
      "width": 12,
      "x": 945,
      "y": 42,
    },
    Object {
      "height": 20,
      "id": "note:81",
      "onClick": [Function],
      "value": 9030,
      "width": 18,
      "x": 952,
      "y": 84,
    },
    Object {
      "height": 40,
      "id": "note:82",
      "onClick": [Function],
      "value": 9546,
      "width": 12,
      "x": 965,
      "y": 42,
    },
    Object {
      "height": 20,
      "id": "note:83",
      "onClick": [Function],
      "value": 10062,
      "width": 18,
      "x": 972,
      "y": 84,
    },
    Object {
      "height": 20,
      "id": "note:84",
      "onClick": [Function],
      "value": 10578,
      "width": 18,
      "x": 992,
      "y": 84,
    },
    Object {
      "height": 40,
      "id": "note:85",
      "onClick": [Function],
      "value": 11094,
      "width": 12,
      "x": 1005,
      "y": 42,
    },
    Object {
      "height": 20,
      "id": "note:86",
      "onClick": [Function],
      "value": 11610,
      "width": 18,
      "x": 1012,
      "y": 84,
    },
    Object {
      "height": 40,
      "id": "note:87",
      "onClick": [Function],
      "value": 12126,
      "width": 12,
      "x": 1025,
      "y": 42,
    },
    Object {
      "height": 20,
      "id": "note:88",
      "onClick": [Function],
      "value": 12642,
      "width": 18,
      "x": 1032,
      "y": 84,
    },
    Object {
      "height": 20,
      "id": "note:89",
      "onClick": [Function],
      "value": 13158,
      "width": 18,
      "x": 1052,
      "y": 84,
    },
    Object {
      "height": 40,
      "id": "note:90",
      "onClick": [Function],
      "value": 13674,
      "width": 12,
      "x": 1065,
      "y": 42,
    },
    Object {
      "height": 20,
      "id": "note:91",
      "onClick": [Function],
      "value": 14190,
      "width": 18,
      "x": 1072,
      "y": 84,
    },
    Object {
      "height": 40,
      "id": "note:92",
      "onClick": [Function],
      "value": 14706,
      "width": 12,
      "x": 1085,
      "y": 42,
    },
    Object {
      "height": 20,
      "id": "note:93",
      "onClick": [Function],
      "value": 15222,
      "width": 18,
      "x": 1092,
      "y": 84,
    },
    Object {
      "height": 40,
      "id": "note:94",
      "onClick": [Function],
      "value": 15738,
      "width": 12,
      "x": 1105,
      "y": 42,
    },
    Object {
      "height": 20,
      "id": "note:95",
      "onClick": [Function],
      "value": 16254,
      "width": 18,
      "x": 1112,
      "y": 84,
    },
    Object {
      "height": 20,
      "id": "note:96",
      "onClick": [Function],
      "value": 16770,
      "width": 18,
      "x": 1132,
      "y": 84,
    },
    Object {
      "height": 40,
      "id": "note:97",
      "onClick": [Function],
      "value": 17286,
      "width": 12,
      "x": 1145,
      "y": 42,
    },
    Object {
      "height": 20,
      "id": "note:98",
      "onClick": [Function],
      "value": 17802,
      "width": 18,
      "x": 1152,
      "y": 84,
    },
    Object {
      "height": 40,
      "id": "note:99",
      "onClick": [Function],
      "value": 18318,
      "width": 12,
      "x": 1165,
      "y": 42,
    },
    Object {
      "height": 20,
      "id": "note:100",
      "onClick": [Function],
      "value": 18834,
      "width": 18,
      "x": 1172,
      "y": 84,
    },
    Object {
      "height": 20,
      "id": "note:101",
      "onClick": [Function],
      "value": 19350,
      "width": 18,
      "x": 1192,
      "y": 84,
    },
    Object {
      "height": 40,
      "id": "note:102",
      "onClick": [Function],
      "value": 19866,
      "width": 12,
      "x": 1205,
      "y": 42,
    },
    Object {
      "height": 20,
      "id": "note:103",
      "onClick": [Function],
      "value": 20382,
      "width": 18,
      "x": 1212,
      "y": 84,
    },
    Object {
      "height": 40,
      "id": "note:104",
      "onClick": [Function],
      "value": 20898,
      "width": 12,
      "x": 1225,
      "y": 42,
    },
    Object {
      "height": 20,
      "id": "note:105",
      "onClick": [Function],
      "value": 21414,
      "width": 18,
      "x": 1232,
      "y": 84,
    },
    Object {
      "height": 40,
      "id": "note:106",
      "onClick": [Function],
      "value": 21930,
      "width": 12,
      "x": 1245,
      "y": 42,
    },
    Object {
      "height": 20,
      "id": "note:107",
      "onClick": [Function],
      "value": 22446,
      "width": 18,
      "x": 1252,
      "y": 84,
    },
    Object {
      "height": 20,
      "id": "note:108",
      "onClick": [Function],
      "value": 22962,
      "width": 18,
      "x": 1272,
      "y": 84,
    },
    Object {
      "height": 40,
      "id": "note:109",
      "onClick": [Function],
      "value": 23478,
      "width": 12,
      "x": 1285,
      "y": 42,
    },
    Object {
      "height": 20,
      "id": "note:110",
      "onClick": [Function],
      "value": 23994,
      "width": 18,
      "x": 1292,
      "y": 84,
    },
    Object {
      "height": 40,
      "id": "note:111",
      "onClick": [Function],
      "value": 24510,
      "width": 12,
      "x": 1305,
      "y": 42,
    },
    Object {
      "height": 20,
      "id": "note:112",
      "onClick": [Function],
      "value": 25026,
      "width": 18,
      "x": 1312,
      "y": 84,
    },
    Object {
      "height": 20,
      "id": "note:113",
      "onClick": [Function],
      "value": 25542,
      "width": 18,
      "x": 1332,
      "y": 84,
    },
    Object {
      "height": 40,
      "id": "note:114",
      "onClick": [Function],
      "value": 26058,
      "width": 12,
      "x": 1345,
      "y": 42,
    },
    Object {
      "height": 20,
      "id": "note:115",
      "onClick": [Function],
      "value": 26574,
      "width": 18,
      "x": 1352,
      "y": 84,
    },
    Object {
      "height": 40,
      "id": "note:116",
      "onClick": [Function],
      "value": 27090,
      "width": 12,
      "x": 1365,
      "y": 42,
    },
    Object {
      "height": 20,
      "id": "note:117",
      "onClick": [Function],
      "value": 27606,
      "width": 18,
      "x": 1372,
      "y": 84,
    },
    Object {
      "height": 40,
      "id": "note:118",
      "onClick": [Function],
      "value": 28122,
      "width": 12,
      "x": 1385,
      "y": 42,
    },
    Object {
      "height": 20,
      "id": "note:119",
      "onClick": [Function],
      "value": 28638,
      "width": 18,
      "x": 1392,
      "y": 84,
    },
    Object {
      "height": 20,
      "id": "note:120",
      "onClick": [Function],
      "value": 29154,
      "width": 18,
      "x": 1412,
      "y": 84,
    },
    Object {
      "height": 40,
      "id": "note:121",
      "onClick": [Function],
      "value": 29670,
      "width": 12,
      "x": 1425,
      "y": 42,
    },
    Object {
      "height": 20,
      "id": "note:122",
      "onClick": [Function],
      "value": 30186,
      "width": 18,
      "x": 1432,
      "y": 84,
    },
    Object {
      "height": 40,
      "id": "note:123",
      "onClick": [Function],
      "value": 30702,
      "width": 12,
      "x": 1445,
      "y": 42,
    },
    Object {
      "height": 20,
      "id": "note:124",
      "onClick": [Function],
      "value": 31218,
      "width": 18,
      "x": 1452,
      "y": 84,
    },
    Object {
      "height": 20,
      "id": "note:125",
      "onClick": [Function],
      "value": 31734,
      "width": 18,
      "x": 1472,
      "y": 84,
    },
    Object {
      "height": 40,
      "id": "note:126",
      "onClick": [Function],
      "value": 32250,
      "width": 12,
      "x": 1485,
      "y": 42,
    },
    Object {
      "height": 20,
      "id": "note:127",
      "onClick": [Function],
      "value": 32767,
      "width": 18,
      "x": 1492,
      "y": 84,
    },
  ],
  "category": "Quantizer",
  "drawer": Object {
    "config": Object {
      "keyCount": 128,
      "x": 12,
      "y": 42,
    },
    "name": "piano",
  },
  "engine": Object {
    "config": Object {
      "allocatedNotes": 32,
    },
    "name": "quantizer",
  },
  "extractState": [Function],
  "height": 126,
  "initialState": Object {},
  "inputs": Array [
    Object {
      "height": 13,
      "id": "in",
      "width": 12,
      "x": 12,
      "y": 42,
    },
  ],
  "insertState": [Function],
  "lines": Array [
    Object {
      "height": 1,
      "width": 1284,
      "x": 6,
      "y": 7,
    },
    Object {
      "height": 112,
      "width": 1,
      "x": 1290,
      "y": 7,
    },
    Object {
      "height": 1,
      "width": 1284,
      "x": 6,
      "y": 119,
    },
    Object {
      "height": 112,
      "width": 1,
      "x": 6,
      "y": 7,
    },
  ],
  "name": "Quantizer 120",
  "outputs": Array [
    Object {
      "height": 13,
      "id": "out",
      "width": 12,
      "x": 1272,
      "y": 42,
    },
  ],
  "sliders": Array [],
  "steppers": Array [],
  "width": 1296,
}
`;
