// Jest Snapshot v1, https://goo.gl/fbAQLP

exports[`generates correct module type descriptor 1`] = `
Object {
  "buttons": Array [
    Object {
      "height": 80,
      "id": "note:0",
      "onClick": [Function],
      "value": -32767,
      "width": 16,
      "x": 24,
      "y": 32,
    },
    Object {
      "height": 80,
      "id": "note:1",
      "onClick": [Function],
      "value": -32251,
      "width": 16,
      "x": 40,
      "y": 32,
    },
    Object {
      "height": 80,
      "id": "note:2",
      "onClick": [Function],
      "value": -31735,
      "width": 16,
      "x": 56,
      "y": 32,
    },
    Object {
      "height": 80,
      "id": "note:3",
      "onClick": [Function],
      "value": -31219,
      "width": 16,
      "x": 72,
      "y": 32,
    },
    Object {
      "height": 80,
      "id": "note:4",
      "onClick": [Function],
      "value": -30703,
      "width": 16,
      "x": 88,
      "y": 32,
    },
    Object {
      "height": 80,
      "id": "note:5",
      "onClick": [Function],
      "value": -30187,
      "width": 16,
      "x": 104,
      "y": 32,
    },
    Object {
      "height": 80,
      "id": "note:6",
      "onClick": [Function],
      "value": -29671,
      "width": 16,
      "x": 120,
      "y": 32,
    },
    Object {
      "height": 80,
      "id": "note:7",
      "onClick": [Function],
      "value": -29155,
      "width": 16,
      "x": 136,
      "y": 32,
    },
    Object {
      "height": 80,
      "id": "note:8",
      "onClick": [Function],
      "value": -28639,
      "width": 16,
      "x": 152,
      "y": 32,
    },
    Object {
      "height": 80,
      "id": "note:9",
      "onClick": [Function],
      "value": -28123,
      "width": 16,
      "x": 168,
      "y": 32,
    },
    Object {
      "height": 80,
      "id": "note:10",
      "onClick": [Function],
      "value": -27607,
      "width": 16,
      "x": 184,
      "y": 32,
    },
    Object {
      "height": 80,
      "id": "note:11",
      "onClick": [Function],
      "value": -27091,
      "width": 16,
      "x": 200,
      "y": 32,
    },
    Object {
      "height": 80,
      "id": "note:12",
      "onClick": [Function],
      "value": -26575,
      "width": 16,
      "x": 216,
      "y": 32,
    },
    Object {
      "height": 80,
      "id": "note:13",
      "onClick": [Function],
      "value": -26059,
      "width": 16,
      "x": 232,
      "y": 32,
    },
    Object {
      "height": 80,
      "id": "note:14",
      "onClick": [Function],
      "value": -25543,
      "width": 16,
      "x": 248,
      "y": 32,
    },
    Object {
      "height": 80,
      "id": "note:15",
      "onClick": [Function],
      "value": -25027,
      "width": 16,
      "x": 264,
      "y": 32,
    },
    Object {
      "height": 80,
      "id": "note:16",
      "onClick": [Function],
      "value": -24511,
      "width": 16,
      "x": 280,
      "y": 32,
    },
    Object {
      "height": 80,
      "id": "note:17",
      "onClick": [Function],
      "value": -23995,
      "width": 16,
      "x": 296,
      "y": 32,
    },
    Object {
      "height": 80,
      "id": "note:18",
      "onClick": [Function],
      "value": -23479,
      "width": 16,
      "x": 312,
      "y": 32,
    },
    Object {
      "height": 80,
      "id": "note:19",
      "onClick": [Function],
      "value": -22963,
      "width": 16,
      "x": 328,
      "y": 32,
    },
    Object {
      "height": 80,
      "id": "note:20",
      "onClick": [Function],
      "value": -22447,
      "width": 16,
      "x": 344,
      "y": 32,
    },
    Object {
      "height": 80,
      "id": "note:21",
      "onClick": [Function],
      "value": -21931,
      "width": 16,
      "x": 360,
      "y": 32,
    },
    Object {
      "height": 80,
      "id": "note:22",
      "onClick": [Function],
      "value": -21415,
      "width": 16,
      "x": 376,
      "y": 32,
    },
    Object {
      "height": 80,
      "id": "note:23",
      "onClick": [Function],
      "value": -20899,
      "width": 16,
      "x": 392,
      "y": 32,
    },
    Object {
      "height": 80,
      "id": "note:24",
      "onClick": [Function],
      "value": -20383,
      "width": 16,
      "x": 408,
      "y": 32,
    },
    Object {
      "height": 80,
      "id": "note:25",
      "onClick": [Function],
      "value": -19867,
      "width": 16,
      "x": 424,
      "y": 32,
    },
    Object {
      "height": 80,
      "id": "note:26",
      "onClick": [Function],
      "value": -19351,
      "width": 16,
      "x": 440,
      "y": 32,
    },
    Object {
      "height": 80,
      "id": "note:27",
      "onClick": [Function],
      "value": -18835,
      "width": 16,
      "x": 456,
      "y": 32,
    },
    Object {
      "height": 80,
      "id": "note:28",
      "onClick": [Function],
      "value": -18319,
      "width": 16,
      "x": 472,
      "y": 32,
    },
    Object {
      "height": 80,
      "id": "note:29",
      "onClick": [Function],
      "value": -17803,
      "width": 16,
      "x": 488,
      "y": 32,
    },
    Object {
      "height": 80,
      "id": "note:30",
      "onClick": [Function],
      "value": -17287,
      "width": 16,
      "x": 504,
      "y": 32,
    },
    Object {
      "height": 80,
      "id": "note:31",
      "onClick": [Function],
      "value": -16771,
      "width": 16,
      "x": 520,
      "y": 32,
    },
    Object {
      "height": 80,
      "id": "note:32",
      "onClick": [Function],
      "value": -16255,
      "width": 16,
      "x": 536,
      "y": 32,
    },
    Object {
      "height": 80,
      "id": "note:33",
      "onClick": [Function],
      "value": -15739,
      "width": 16,
      "x": 552,
      "y": 32,
    },
    Object {
      "height": 80,
      "id": "note:34",
      "onClick": [Function],
      "value": -15223,
      "width": 16,
      "x": 568,
      "y": 32,
    },
    Object {
      "height": 80,
      "id": "note:35",
      "onClick": [Function],
      "value": -14707,
      "width": 16,
      "x": 584,
      "y": 32,
    },
    Object {
      "height": 80,
      "id": "note:36",
      "onClick": [Function],
      "value": -14191,
      "width": 16,
      "x": 600,
      "y": 32,
    },
    Object {
      "height": 80,
      "id": "note:37",
      "onClick": [Function],
      "value": -13675,
      "width": 16,
      "x": 616,
      "y": 32,
    },
    Object {
      "height": 80,
      "id": "note:38",
      "onClick": [Function],
      "value": -13159,
      "width": 16,
      "x": 632,
      "y": 32,
    },
    Object {
      "height": 80,
      "id": "note:39",
      "onClick": [Function],
      "value": -12643,
      "width": 16,
      "x": 648,
      "y": 32,
    },
    Object {
      "height": 80,
      "id": "note:40",
      "onClick": [Function],
      "value": -12127,
      "width": 16,
      "x": 664,
      "y": 32,
    },
    Object {
      "height": 80,
      "id": "note:41",
      "onClick": [Function],
      "value": -11611,
      "width": 16,
      "x": 680,
      "y": 32,
    },
    Object {
      "height": 80,
      "id": "note:42",
      "onClick": [Function],
      "value": -11095,
      "width": 16,
      "x": 696,
      "y": 32,
    },
    Object {
      "height": 80,
      "id": "note:43",
      "onClick": [Function],
      "value": -10579,
      "width": 16,
      "x": 712,
      "y": 32,
    },
    Object {
      "height": 80,
      "id": "note:44",
      "onClick": [Function],
      "value": -10063,
      "width": 16,
      "x": 728,
      "y": 32,
    },
    Object {
      "height": 80,
      "id": "note:45",
      "onClick": [Function],
      "value": -9547,
      "width": 16,
      "x": 744,
      "y": 32,
    },
    Object {
      "height": 80,
      "id": "note:46",
      "onClick": [Function],
      "value": -9031,
      "width": 16,
      "x": 760,
      "y": 32,
    },
    Object {
      "height": 80,
      "id": "note:47",
      "onClick": [Function],
      "value": -8515,
      "width": 16,
      "x": 776,
      "y": 32,
    },
    Object {
      "height": 80,
      "id": "note:48",
      "onClick": [Function],
      "value": -7999,
      "width": 16,
      "x": 792,
      "y": 32,
    },
    Object {
      "height": 80,
      "id": "note:49",
      "onClick": [Function],
      "value": -7483,
      "width": 16,
      "x": 808,
      "y": 32,
    },
    Object {
      "height": 80,
      "id": "note:50",
      "onClick": [Function],
      "value": -6967,
      "width": 16,
      "x": 824,
      "y": 32,
    },
    Object {
      "height": 80,
      "id": "note:51",
      "onClick": [Function],
      "value": -6451,
      "width": 16,
      "x": 840,
      "y": 32,
    },
    Object {
      "height": 80,
      "id": "note:52",
      "onClick": [Function],
      "value": -5935,
      "width": 16,
      "x": 856,
      "y": 32,
    },
    Object {
      "height": 80,
      "id": "note:53",
      "onClick": [Function],
      "value": -5419,
      "width": 16,
      "x": 872,
      "y": 32,
    },
    Object {
      "height": 80,
      "id": "note:54",
      "onClick": [Function],
      "value": -4903,
      "width": 16,
      "x": 888,
      "y": 32,
    },
    Object {
      "height": 80,
      "id": "note:55",
      "onClick": [Function],
      "value": -4387,
      "width": 16,
      "x": 904,
      "y": 32,
    },
    Object {
      "height": 80,
      "id": "note:56",
      "onClick": [Function],
      "value": -3871,
      "width": 16,
      "x": 920,
      "y": 32,
    },
    Object {
      "height": 80,
      "id": "note:57",
      "onClick": [Function],
      "value": -3355,
      "width": 16,
      "x": 936,
      "y": 32,
    },
    Object {
      "height": 80,
      "id": "note:58",
      "onClick": [Function],
      "value": -2839,
      "width": 16,
      "x": 952,
      "y": 32,
    },
    Object {
      "height": 80,
      "id": "note:59",
      "onClick": [Function],
      "value": -2323,
      "width": 16,
      "x": 968,
      "y": 32,
    },
    Object {
      "height": 80,
      "id": "note:60",
      "onClick": [Function],
      "value": -1807,
      "width": 16,
      "x": 984,
      "y": 32,
    },
    Object {
      "height": 80,
      "id": "note:61",
      "onClick": [Function],
      "value": -1291,
      "width": 16,
      "x": 1000,
      "y": 32,
    },
    Object {
      "height": 80,
      "id": "note:62",
      "onClick": [Function],
      "value": -775,
      "width": 16,
      "x": 1016,
      "y": 32,
    },
    Object {
      "height": 80,
      "id": "note:63",
      "onClick": [Function],
      "value": -259,
      "width": 16,
      "x": 1032,
      "y": 32,
    },
    Object {
      "height": 80,
      "id": "note:64",
      "onClick": [Function],
      "value": 258,
      "width": 16,
      "x": 1048,
      "y": 32,
    },
    Object {
      "height": 80,
      "id": "note:65",
      "onClick": [Function],
      "value": 774,
      "width": 16,
      "x": 1064,
      "y": 32,
    },
    Object {
      "height": 80,
      "id": "note:66",
      "onClick": [Function],
      "value": 1290,
      "width": 16,
      "x": 1080,
      "y": 32,
    },
    Object {
      "height": 80,
      "id": "note:67",
      "onClick": [Function],
      "value": 1806,
      "width": 16,
      "x": 1096,
      "y": 32,
    },
    Object {
      "height": 80,
      "id": "note:68",
      "onClick": [Function],
      "value": 2322,
      "width": 16,
      "x": 1112,
      "y": 32,
    },
    Object {
      "height": 80,
      "id": "note:69",
      "onClick": [Function],
      "value": 2838,
      "width": 16,
      "x": 1128,
      "y": 32,
    },
    Object {
      "height": 80,
      "id": "note:70",
      "onClick": [Function],
      "value": 3354,
      "width": 16,
      "x": 1144,
      "y": 32,
    },
    Object {
      "height": 80,
      "id": "note:71",
      "onClick": [Function],
      "value": 3870,
      "width": 16,
      "x": 1160,
      "y": 32,
    },
    Object {
      "height": 80,
      "id": "note:72",
      "onClick": [Function],
      "value": 4386,
      "width": 16,
      "x": 1176,
      "y": 32,
    },
    Object {
      "height": 80,
      "id": "note:73",
      "onClick": [Function],
      "value": 4902,
      "width": 16,
      "x": 1192,
      "y": 32,
    },
    Object {
      "height": 80,
      "id": "note:74",
      "onClick": [Function],
      "value": 5418,
      "width": 16,
      "x": 1208,
      "y": 32,
    },
    Object {
      "height": 80,
      "id": "note:75",
      "onClick": [Function],
      "value": 5934,
      "width": 16,
      "x": 1224,
      "y": 32,
    },
    Object {
      "height": 80,
      "id": "note:76",
      "onClick": [Function],
      "value": 6450,
      "width": 16,
      "x": 1240,
      "y": 32,
    },
    Object {
      "height": 80,
      "id": "note:77",
      "onClick": [Function],
      "value": 6966,
      "width": 16,
      "x": 1256,
      "y": 32,
    },
    Object {
      "height": 80,
      "id": "note:78",
      "onClick": [Function],
      "value": 7482,
      "width": 16,
      "x": 1272,
      "y": 32,
    },
    Object {
      "height": 80,
      "id": "note:79",
      "onClick": [Function],
      "value": 7998,
      "width": 16,
      "x": 1288,
      "y": 32,
    },
    Object {
      "height": 80,
      "id": "note:80",
      "onClick": [Function],
      "value": 8514,
      "width": 16,
      "x": 1304,
      "y": 32,
    },
    Object {
      "height": 80,
      "id": "note:81",
      "onClick": [Function],
      "value": 9030,
      "width": 16,
      "x": 1320,
      "y": 32,
    },
    Object {
      "height": 80,
      "id": "note:82",
      "onClick": [Function],
      "value": 9546,
      "width": 16,
      "x": 1336,
      "y": 32,
    },
    Object {
      "height": 80,
      "id": "note:83",
      "onClick": [Function],
      "value": 10062,
      "width": 16,
      "x": 1352,
      "y": 32,
    },
    Object {
      "height": 80,
      "id": "note:84",
      "onClick": [Function],
      "value": 10578,
      "width": 16,
      "x": 1368,
      "y": 32,
    },
    Object {
      "height": 80,
      "id": "note:85",
      "onClick": [Function],
      "value": 11094,
      "width": 16,
      "x": 1384,
      "y": 32,
    },
    Object {
      "height": 80,
      "id": "note:86",
      "onClick": [Function],
      "value": 11610,
      "width": 16,
      "x": 1400,
      "y": 32,
    },
    Object {
      "height": 80,
      "id": "note:87",
      "onClick": [Function],
      "value": 12126,
      "width": 16,
      "x": 1416,
      "y": 32,
    },
    Object {
      "height": 80,
      "id": "note:88",
      "onClick": [Function],
      "value": 12642,
      "width": 16,
      "x": 1432,
      "y": 32,
    },
    Object {
      "height": 80,
      "id": "note:89",
      "onClick": [Function],
      "value": 13158,
      "width": 16,
      "x": 1448,
      "y": 32,
    },
    Object {
      "height": 80,
      "id": "note:90",
      "onClick": [Function],
      "value": 13674,
      "width": 16,
      "x": 1464,
      "y": 32,
    },
    Object {
      "height": 80,
      "id": "note:91",
      "onClick": [Function],
      "value": 14190,
      "width": 16,
      "x": 1480,
      "y": 32,
    },
    Object {
      "height": 80,
      "id": "note:92",
      "onClick": [Function],
      "value": 14706,
      "width": 16,
      "x": 1496,
      "y": 32,
    },
    Object {
      "height": 80,
      "id": "note:93",
      "onClick": [Function],
      "value": 15222,
      "width": 16,
      "x": 1512,
      "y": 32,
    },
    Object {
      "height": 80,
      "id": "note:94",
      "onClick": [Function],
      "value": 15738,
      "width": 16,
      "x": 1528,
      "y": 32,
    },
    Object {
      "height": 80,
      "id": "note:95",
      "onClick": [Function],
      "value": 16254,
      "width": 16,
      "x": 1544,
      "y": 32,
    },
    Object {
      "height": 80,
      "id": "note:96",
      "onClick": [Function],
      "value": 16770,
      "width": 16,
      "x": 1560,
      "y": 32,
    },
    Object {
      "height": 80,
      "id": "note:97",
      "onClick": [Function],
      "value": 17286,
      "width": 16,
      "x": 1576,
      "y": 32,
    },
    Object {
      "height": 80,
      "id": "note:98",
      "onClick": [Function],
      "value": 17802,
      "width": 16,
      "x": 1592,
      "y": 32,
    },
    Object {
      "height": 80,
      "id": "note:99",
      "onClick": [Function],
      "value": 18318,
      "width": 16,
      "x": 1608,
      "y": 32,
    },
    Object {
      "height": 80,
      "id": "note:100",
      "onClick": [Function],
      "value": 18834,
      "width": 16,
      "x": 1624,
      "y": 32,
    },
    Object {
      "height": 80,
      "id": "note:101",
      "onClick": [Function],
      "value": 19350,
      "width": 16,
      "x": 1640,
      "y": 32,
    },
    Object {
      "height": 80,
      "id": "note:102",
      "onClick": [Function],
      "value": 19866,
      "width": 16,
      "x": 1656,
      "y": 32,
    },
    Object {
      "height": 80,
      "id": "note:103",
      "onClick": [Function],
      "value": 20382,
      "width": 16,
      "x": 1672,
      "y": 32,
    },
    Object {
      "height": 80,
      "id": "note:104",
      "onClick": [Function],
      "value": 20898,
      "width": 16,
      "x": 1688,
      "y": 32,
    },
    Object {
      "height": 80,
      "id": "note:105",
      "onClick": [Function],
      "value": 21414,
      "width": 16,
      "x": 1704,
      "y": 32,
    },
    Object {
      "height": 80,
      "id": "note:106",
      "onClick": [Function],
      "value": 21930,
      "width": 16,
      "x": 1720,
      "y": 32,
    },
    Object {
      "height": 80,
      "id": "note:107",
      "onClick": [Function],
      "value": 22446,
      "width": 16,
      "x": 1736,
      "y": 32,
    },
    Object {
      "height": 80,
      "id": "note:108",
      "onClick": [Function],
      "value": 22962,
      "width": 16,
      "x": 1752,
      "y": 32,
    },
    Object {
      "height": 80,
      "id": "note:109",
      "onClick": [Function],
      "value": 23478,
      "width": 16,
      "x": 1768,
      "y": 32,
    },
    Object {
      "height": 80,
      "id": "note:110",
      "onClick": [Function],
      "value": 23994,
      "width": 16,
      "x": 1784,
      "y": 32,
    },
    Object {
      "height": 80,
      "id": "note:111",
      "onClick": [Function],
      "value": 24510,
      "width": 16,
      "x": 1800,
      "y": 32,
    },
    Object {
      "height": 80,
      "id": "note:112",
      "onClick": [Function],
      "value": 25026,
      "width": 16,
      "x": 1816,
      "y": 32,
    },
    Object {
      "height": 80,
      "id": "note:113",
      "onClick": [Function],
      "value": 25542,
      "width": 16,
      "x": 1832,
      "y": 32,
    },
    Object {
      "height": 80,
      "id": "note:114",
      "onClick": [Function],
      "value": 26058,
      "width": 16,
      "x": 1848,
      "y": 32,
    },
    Object {
      "height": 80,
      "id": "note:115",
      "onClick": [Function],
      "value": 26574,
      "width": 16,
      "x": 1864,
      "y": 32,
    },
    Object {
      "height": 80,
      "id": "note:116",
      "onClick": [Function],
      "value": 27090,
      "width": 16,
      "x": 1880,
      "y": 32,
    },
    Object {
      "height": 80,
      "id": "note:117",
      "onClick": [Function],
      "value": 27606,
      "width": 16,
      "x": 1896,
      "y": 32,
    },
    Object {
      "height": 80,
      "id": "note:118",
      "onClick": [Function],
      "value": 28122,
      "width": 16,
      "x": 1912,
      "y": 32,
    },
    Object {
      "height": 80,
      "id": "note:119",
      "onClick": [Function],
      "value": 28638,
      "width": 16,
      "x": 1928,
      "y": 32,
    },
  ],
  "category": "Quantizer",
  "drawer": Object {
    "config": Object {
      "keyCount": 120,
      "noteSigns": Map {
        -32767 => "C",
        -32251 => "C#",
        -31735 => "D",
        -31219 => "D#",
        -30703 => "E",
        -30187 => "F",
        -29671 => "F#",
        -29155 => "G",
        -28639 => "G#",
        -28123 => "A",
        -27607 => "A#",
        -27091 => "B",
        -26575 => "C",
        -26059 => "C#",
        -25543 => "D",
        -25027 => "D#",
        -24511 => "E",
        -23995 => "F",
        -23479 => "F#",
        -22963 => "G",
        -22447 => "G#",
        -21931 => "A",
        -21415 => "A#",
        -20899 => "B",
        -20383 => "C",
        -19867 => "C#",
        -19351 => "D",
        -18835 => "D#",
        -18319 => "E",
        -17803 => "F",
        -17287 => "F#",
        -16771 => "G",
        -16255 => "G#",
        -15739 => "A",
        -15223 => "A#",
        -14707 => "B",
        -14191 => "C",
        -13675 => "C#",
        -13159 => "D",
        -12643 => "D#",
        -12127 => "E",
        -11611 => "F",
        -11095 => "F#",
        -10579 => "G",
        -10063 => "G#",
        -9547 => "A",
        -9031 => "A#",
        -8515 => "B",
        -7999 => "C",
        -7483 => "C#",
        -6967 => "D",
        -6451 => "D#",
        -5935 => "E",
        -5419 => "F",
        -4903 => "F#",
        -4387 => "G",
        -3871 => "G#",
        -3355 => "A",
        -2839 => "A#",
        -2323 => "B",
        -1807 => "C",
        -1291 => "C#",
        -775 => "D",
        -259 => "D#",
        258 => "E",
        774 => "F",
        1290 => "F#",
        1806 => "G",
        2322 => "G#",
        2838 => "A",
        3354 => "A#",
        3870 => "B",
        4386 => "C",
        4902 => "C#",
        5418 => "D",
        5934 => "D#",
        6450 => "E",
        6966 => "F",
        7482 => "F#",
        7998 => "G",
        8514 => "G#",
        9030 => "A",
        9546 => "A#",
        10062 => "B",
        10578 => "C",
        11094 => "C#",
        11610 => "D",
        12126 => "D#",
        12642 => "E",
        13158 => "F",
        13674 => "F#",
        14190 => "G",
        14706 => "G#",
        15222 => "A",
        15738 => "A#",
        16254 => "B",
        16770 => "C",
        17286 => "C#",
        17802 => "D",
        18318 => "D#",
        18834 => "E",
        19350 => "F",
        19866 => "F#",
        20382 => "G",
        20898 => "G#",
        21414 => "A",
        21930 => "A#",
        22446 => "B",
        22962 => "C",
        23478 => "C#",
        23994 => "D",
        24510 => "D#",
        25026 => "E",
        25542 => "F",
        26058 => "F#",
        26574 => "G",
        27090 => "G#",
        27606 => "A",
        28122 => "A#",
        28638 => "B",
      },
      "notes": Map {
        -32767 => 0,
        -32251 => 1,
        -31735 => 2,
        -31219 => 3,
        -30703 => 4,
        -30187 => 5,
        -29671 => 6,
        -29155 => 7,
        -28639 => 8,
        -28123 => 9,
        -27607 => 10,
        -27091 => 11,
        -26575 => 12,
        -26059 => 13,
        -25543 => 14,
        -25027 => 15,
        -24511 => 16,
        -23995 => 17,
        -23479 => 18,
        -22963 => 19,
        -22447 => 20,
        -21931 => 21,
        -21415 => 22,
        -20899 => 23,
        -20383 => 24,
        -19867 => 25,
        -19351 => 26,
        -18835 => 27,
        -18319 => 28,
        -17803 => 29,
        -17287 => 30,
        -16771 => 31,
        -16255 => 32,
        -15739 => 33,
        -15223 => 34,
        -14707 => 35,
        -14191 => 36,
        -13675 => 37,
        -13159 => 38,
        -12643 => 39,
        -12127 => 40,
        -11611 => 41,
        -11095 => 42,
        -10579 => 43,
        -10063 => 44,
        -9547 => 45,
        -9031 => 46,
        -8515 => 47,
        -7999 => 48,
        -7483 => 49,
        -6967 => 50,
        -6451 => 51,
        -5935 => 52,
        -5419 => 53,
        -4903 => 54,
        -4387 => 55,
        -3871 => 56,
        -3355 => 57,
        -2839 => 58,
        -2323 => 59,
        -1807 => 60,
        -1291 => 61,
        -775 => 62,
        -259 => 63,
        258 => 64,
        774 => 65,
        1290 => 66,
        1806 => 67,
        2322 => 68,
        2838 => 69,
        3354 => 70,
        3870 => 71,
        4386 => 72,
        4902 => 73,
        5418 => 74,
        5934 => 75,
        6450 => 76,
        6966 => 77,
        7482 => 78,
        7998 => 79,
        8514 => 80,
        9030 => 81,
        9546 => 82,
        10062 => 83,
        10578 => 84,
        11094 => 85,
        11610 => 86,
        12126 => 87,
        12642 => 88,
        13158 => 89,
        13674 => 90,
        14190 => 91,
        14706 => 92,
        15222 => 93,
        15738 => 94,
        16254 => 95,
        16770 => 96,
        17286 => 97,
        17802 => 98,
        18318 => 99,
        18834 => 100,
        19350 => 101,
        19866 => 102,
        20382 => 103,
        20898 => 104,
        21414 => 105,
        21930 => 106,
        22446 => 107,
        22962 => 108,
        23478 => 109,
        23994 => 110,
        24510 => 111,
        25026 => 112,
        25542 => 113,
        26058 => 114,
        26574 => 115,
        27090 => 116,
        27606 => 117,
        28122 => 118,
        28638 => 119,
      },
      "x": 24,
      "y": 32,
    },
    "name": "piano",
  },
  "engine": Object {
    "config": Object {
      "allocatedNotes": 32,
    },
    "name": "quantizer",
  },
  "extractState": [Function],
  "height": 128,
  "initialState": Object {},
  "inputs": Array [
    Object {
      "height": 16,
      "id": "in",
      "width": 16,
      "x": 0,
      "y": 32,
    },
  ],
  "insertState": [Function],
  "name": "Quantizer 120",
  "outputs": Array [
    Object {
      "height": 16,
      "id": "out",
      "width": 16,
      "x": 1952,
      "y": 32,
    },
  ],
  "sliders": Array [],
  "steppers": Array [],
  "width": 1968,
}
`;
