// Jest Snapshot v1, https://goo.gl/fbAQLP

exports[`generates correct module type descriptor 1`] = `
Object {
  "category": "Quantizer",
  "drawer": Object {
    "config": Object {
      "keyCount": 128,
      "x": 6,
      "y": 63,
    },
    "name": "piano",
  },
  "engine": Object {
    "config": Object {
      "allocatedNotes": 32,
    },
    "name": "quantizer",
  },
  "height": 126,
  "initialState": Object {},
  "inputs": Array [
    Object {
      "height": 13,
      "id": "in",
      "width": 12,
      "x": 12,
      "y": 42,
    },
  ],
  "lines": Array [
    Object {
      "height": 1,
      "width": 1428,
      "x": 6,
      "y": 7,
    },
    Object {
      "height": 112,
      "width": 1,
      "x": 1434,
      "y": 7,
    },
    Object {
      "height": 1,
      "width": 1428,
      "x": 6,
      "y": 119,
    },
    Object {
      "height": 112,
      "width": 1,
      "x": 6,
      "y": 7,
    },
  ],
  "name": "Quantizer",
  "outputs": Array [
    Object {
      "height": 13,
      "id": "out",
      "width": 12,
      "x": 1416,
      "y": 42,
    },
  ],
  "sliders": Array [],
  "steppers": Array [],
  "switches": Array [
    Object {
      "height": 20,
      "id": "note:0",
      "offValue": false,
      "onValue": true,
      "width": 18,
      "x": 6,
      "y": 105,
    },
    Object {
      "height": 40,
      "id": "note:1",
      "offValue": false,
      "onValue": true,
      "width": 12,
      "x": 19,
      "y": 63,
    },
    Object {
      "height": 20,
      "id": "note:2",
      "offValue": false,
      "onValue": true,
      "width": 18,
      "x": 26,
      "y": 105,
    },
    Object {
      "height": 40,
      "id": "note:3",
      "offValue": false,
      "onValue": true,
      "width": 12,
      "x": 39,
      "y": 63,
    },
    Object {
      "height": 20,
      "id": "note:4",
      "offValue": false,
      "onValue": true,
      "width": 18,
      "x": 46,
      "y": 105,
    },
    Object {
      "height": 20,
      "id": "note:5",
      "offValue": false,
      "onValue": true,
      "width": 18,
      "x": 66,
      "y": 105,
    },
    Object {
      "height": 40,
      "id": "note:6",
      "offValue": false,
      "onValue": true,
      "width": 12,
      "x": 79,
      "y": 63,
    },
    Object {
      "height": 20,
      "id": "note:7",
      "offValue": false,
      "onValue": true,
      "width": 18,
      "x": 86,
      "y": 105,
    },
    Object {
      "height": 40,
      "id": "note:8",
      "offValue": false,
      "onValue": true,
      "width": 12,
      "x": 99,
      "y": 63,
    },
    Object {
      "height": 20,
      "id": "note:9",
      "offValue": false,
      "onValue": true,
      "width": 18,
      "x": 106,
      "y": 105,
    },
    Object {
      "height": 40,
      "id": "note:10",
      "offValue": false,
      "onValue": true,
      "width": 12,
      "x": 119,
      "y": 63,
    },
    Object {
      "height": 20,
      "id": "note:11",
      "offValue": false,
      "onValue": true,
      "width": 18,
      "x": 126,
      "y": 105,
    },
    Object {
      "height": 20,
      "id": "note:12",
      "offValue": false,
      "onValue": true,
      "width": 18,
      "x": 146,
      "y": 105,
    },
    Object {
      "height": 40,
      "id": "note:13",
      "offValue": false,
      "onValue": true,
      "width": 12,
      "x": 159,
      "y": 63,
    },
    Object {
      "height": 20,
      "id": "note:14",
      "offValue": false,
      "onValue": true,
      "width": 18,
      "x": 166,
      "y": 105,
    },
    Object {
      "height": 40,
      "id": "note:15",
      "offValue": false,
      "onValue": true,
      "width": 12,
      "x": 179,
      "y": 63,
    },
    Object {
      "height": 20,
      "id": "note:16",
      "offValue": false,
      "onValue": true,
      "width": 18,
      "x": 186,
      "y": 105,
    },
    Object {
      "height": 20,
      "id": "note:17",
      "offValue": false,
      "onValue": true,
      "width": 18,
      "x": 206,
      "y": 105,
    },
    Object {
      "height": 40,
      "id": "note:18",
      "offValue": false,
      "onValue": true,
      "width": 12,
      "x": 219,
      "y": 63,
    },
    Object {
      "height": 20,
      "id": "note:19",
      "offValue": false,
      "onValue": true,
      "width": 18,
      "x": 226,
      "y": 105,
    },
    Object {
      "height": 40,
      "id": "note:20",
      "offValue": false,
      "onValue": true,
      "width": 12,
      "x": 239,
      "y": 63,
    },
    Object {
      "height": 20,
      "id": "note:21",
      "offValue": false,
      "onValue": true,
      "width": 18,
      "x": 246,
      "y": 105,
    },
    Object {
      "height": 40,
      "id": "note:22",
      "offValue": false,
      "onValue": true,
      "width": 12,
      "x": 259,
      "y": 63,
    },
    Object {
      "height": 20,
      "id": "note:23",
      "offValue": false,
      "onValue": true,
      "width": 18,
      "x": 266,
      "y": 105,
    },
    Object {
      "height": 20,
      "id": "note:24",
      "offValue": false,
      "onValue": true,
      "width": 18,
      "x": 286,
      "y": 105,
    },
    Object {
      "height": 40,
      "id": "note:25",
      "offValue": false,
      "onValue": true,
      "width": 12,
      "x": 299,
      "y": 63,
    },
    Object {
      "height": 20,
      "id": "note:26",
      "offValue": false,
      "onValue": true,
      "width": 18,
      "x": 306,
      "y": 105,
    },
    Object {
      "height": 40,
      "id": "note:27",
      "offValue": false,
      "onValue": true,
      "width": 12,
      "x": 319,
      "y": 63,
    },
    Object {
      "height": 20,
      "id": "note:28",
      "offValue": false,
      "onValue": true,
      "width": 18,
      "x": 326,
      "y": 105,
    },
    Object {
      "height": 20,
      "id": "note:29",
      "offValue": false,
      "onValue": true,
      "width": 18,
      "x": 346,
      "y": 105,
    },
    Object {
      "height": 40,
      "id": "note:30",
      "offValue": false,
      "onValue": true,
      "width": 12,
      "x": 359,
      "y": 63,
    },
    Object {
      "height": 20,
      "id": "note:31",
      "offValue": false,
      "onValue": true,
      "width": 18,
      "x": 366,
      "y": 105,
    },
    Object {
      "height": 40,
      "id": "note:32",
      "offValue": false,
      "onValue": true,
      "width": 12,
      "x": 379,
      "y": 63,
    },
    Object {
      "height": 20,
      "id": "note:33",
      "offValue": false,
      "onValue": true,
      "width": 18,
      "x": 386,
      "y": 105,
    },
    Object {
      "height": 40,
      "id": "note:34",
      "offValue": false,
      "onValue": true,
      "width": 12,
      "x": 399,
      "y": 63,
    },
    Object {
      "height": 20,
      "id": "note:35",
      "offValue": false,
      "onValue": true,
      "width": 18,
      "x": 406,
      "y": 105,
    },
    Object {
      "height": 20,
      "id": "note:36",
      "offValue": false,
      "onValue": true,
      "width": 18,
      "x": 426,
      "y": 105,
    },
    Object {
      "height": 40,
      "id": "note:37",
      "offValue": false,
      "onValue": true,
      "width": 12,
      "x": 439,
      "y": 63,
    },
    Object {
      "height": 20,
      "id": "note:38",
      "offValue": false,
      "onValue": true,
      "width": 18,
      "x": 446,
      "y": 105,
    },
    Object {
      "height": 40,
      "id": "note:39",
      "offValue": false,
      "onValue": true,
      "width": 12,
      "x": 459,
      "y": 63,
    },
    Object {
      "height": 20,
      "id": "note:40",
      "offValue": false,
      "onValue": true,
      "width": 18,
      "x": 466,
      "y": 105,
    },
    Object {
      "height": 20,
      "id": "note:41",
      "offValue": false,
      "onValue": true,
      "width": 18,
      "x": 486,
      "y": 105,
    },
    Object {
      "height": 40,
      "id": "note:42",
      "offValue": false,
      "onValue": true,
      "width": 12,
      "x": 499,
      "y": 63,
    },
    Object {
      "height": 20,
      "id": "note:43",
      "offValue": false,
      "onValue": true,
      "width": 18,
      "x": 506,
      "y": 105,
    },
    Object {
      "height": 40,
      "id": "note:44",
      "offValue": false,
      "onValue": true,
      "width": 12,
      "x": 519,
      "y": 63,
    },
    Object {
      "height": 20,
      "id": "note:45",
      "offValue": false,
      "onValue": true,
      "width": 18,
      "x": 526,
      "y": 105,
    },
    Object {
      "height": 40,
      "id": "note:46",
      "offValue": false,
      "onValue": true,
      "width": 12,
      "x": 539,
      "y": 63,
    },
    Object {
      "height": 20,
      "id": "note:47",
      "offValue": false,
      "onValue": true,
      "width": 18,
      "x": 546,
      "y": 105,
    },
    Object {
      "height": 20,
      "id": "note:48",
      "offValue": false,
      "onValue": true,
      "width": 18,
      "x": 566,
      "y": 105,
    },
    Object {
      "height": 40,
      "id": "note:49",
      "offValue": false,
      "onValue": true,
      "width": 12,
      "x": 579,
      "y": 63,
    },
    Object {
      "height": 20,
      "id": "note:50",
      "offValue": false,
      "onValue": true,
      "width": 18,
      "x": 586,
      "y": 105,
    },
    Object {
      "height": 40,
      "id": "note:51",
      "offValue": false,
      "onValue": true,
      "width": 12,
      "x": 599,
      "y": 63,
    },
    Object {
      "height": 20,
      "id": "note:52",
      "offValue": false,
      "onValue": true,
      "width": 18,
      "x": 606,
      "y": 105,
    },
    Object {
      "height": 20,
      "id": "note:53",
      "offValue": false,
      "onValue": true,
      "width": 18,
      "x": 626,
      "y": 105,
    },
    Object {
      "height": 40,
      "id": "note:54",
      "offValue": false,
      "onValue": true,
      "width": 12,
      "x": 639,
      "y": 63,
    },
    Object {
      "height": 20,
      "id": "note:55",
      "offValue": false,
      "onValue": true,
      "width": 18,
      "x": 646,
      "y": 105,
    },
    Object {
      "height": 40,
      "id": "note:56",
      "offValue": false,
      "onValue": true,
      "width": 12,
      "x": 659,
      "y": 63,
    },
    Object {
      "height": 20,
      "id": "note:57",
      "offValue": false,
      "onValue": true,
      "width": 18,
      "x": 666,
      "y": 105,
    },
    Object {
      "height": 40,
      "id": "note:58",
      "offValue": false,
      "onValue": true,
      "width": 12,
      "x": 679,
      "y": 63,
    },
    Object {
      "height": 20,
      "id": "note:59",
      "offValue": false,
      "onValue": true,
      "width": 18,
      "x": 686,
      "y": 105,
    },
    Object {
      "height": 20,
      "id": "note:60",
      "offValue": false,
      "onValue": true,
      "width": 18,
      "x": 706,
      "y": 105,
    },
    Object {
      "height": 40,
      "id": "note:61",
      "offValue": false,
      "onValue": true,
      "width": 12,
      "x": 719,
      "y": 63,
    },
    Object {
      "height": 20,
      "id": "note:62",
      "offValue": false,
      "onValue": true,
      "width": 18,
      "x": 726,
      "y": 105,
    },
    Object {
      "height": 40,
      "id": "note:63",
      "offValue": false,
      "onValue": true,
      "width": 12,
      "x": 739,
      "y": 63,
    },
    Object {
      "height": 20,
      "id": "note:64",
      "offValue": false,
      "onValue": true,
      "width": 18,
      "x": 746,
      "y": 105,
    },
    Object {
      "height": 20,
      "id": "note:65",
      "offValue": false,
      "onValue": true,
      "width": 18,
      "x": 766,
      "y": 105,
    },
    Object {
      "height": 40,
      "id": "note:66",
      "offValue": false,
      "onValue": true,
      "width": 12,
      "x": 779,
      "y": 63,
    },
    Object {
      "height": 20,
      "id": "note:67",
      "offValue": false,
      "onValue": true,
      "width": 18,
      "x": 786,
      "y": 105,
    },
    Object {
      "height": 40,
      "id": "note:68",
      "offValue": false,
      "onValue": true,
      "width": 12,
      "x": 799,
      "y": 63,
    },
    Object {
      "height": 20,
      "id": "note:69",
      "offValue": false,
      "onValue": true,
      "width": 18,
      "x": 806,
      "y": 105,
    },
    Object {
      "height": 40,
      "id": "note:70",
      "offValue": false,
      "onValue": true,
      "width": 12,
      "x": 819,
      "y": 63,
    },
    Object {
      "height": 20,
      "id": "note:71",
      "offValue": false,
      "onValue": true,
      "width": 18,
      "x": 826,
      "y": 105,
    },
    Object {
      "height": 20,
      "id": "note:72",
      "offValue": false,
      "onValue": true,
      "width": 18,
      "x": 846,
      "y": 105,
    },
    Object {
      "height": 40,
      "id": "note:73",
      "offValue": false,
      "onValue": true,
      "width": 12,
      "x": 859,
      "y": 63,
    },
    Object {
      "height": 20,
      "id": "note:74",
      "offValue": false,
      "onValue": true,
      "width": 18,
      "x": 866,
      "y": 105,
    },
    Object {
      "height": 40,
      "id": "note:75",
      "offValue": false,
      "onValue": true,
      "width": 12,
      "x": 879,
      "y": 63,
    },
    Object {
      "height": 20,
      "id": "note:76",
      "offValue": false,
      "onValue": true,
      "width": 18,
      "x": 886,
      "y": 105,
    },
    Object {
      "height": 20,
      "id": "note:77",
      "offValue": false,
      "onValue": true,
      "width": 18,
      "x": 906,
      "y": 105,
    },
    Object {
      "height": 40,
      "id": "note:78",
      "offValue": false,
      "onValue": true,
      "width": 12,
      "x": 919,
      "y": 63,
    },
    Object {
      "height": 20,
      "id": "note:79",
      "offValue": false,
      "onValue": true,
      "width": 18,
      "x": 926,
      "y": 105,
    },
    Object {
      "height": 40,
      "id": "note:80",
      "offValue": false,
      "onValue": true,
      "width": 12,
      "x": 939,
      "y": 63,
    },
    Object {
      "height": 20,
      "id": "note:81",
      "offValue": false,
      "onValue": true,
      "width": 18,
      "x": 946,
      "y": 105,
    },
    Object {
      "height": 40,
      "id": "note:82",
      "offValue": false,
      "onValue": true,
      "width": 12,
      "x": 959,
      "y": 63,
    },
    Object {
      "height": 20,
      "id": "note:83",
      "offValue": false,
      "onValue": true,
      "width": 18,
      "x": 966,
      "y": 105,
    },
    Object {
      "height": 20,
      "id": "note:84",
      "offValue": false,
      "onValue": true,
      "width": 18,
      "x": 986,
      "y": 105,
    },
    Object {
      "height": 40,
      "id": "note:85",
      "offValue": false,
      "onValue": true,
      "width": 12,
      "x": 999,
      "y": 63,
    },
    Object {
      "height": 20,
      "id": "note:86",
      "offValue": false,
      "onValue": true,
      "width": 18,
      "x": 1006,
      "y": 105,
    },
    Object {
      "height": 40,
      "id": "note:87",
      "offValue": false,
      "onValue": true,
      "width": 12,
      "x": 1019,
      "y": 63,
    },
    Object {
      "height": 20,
      "id": "note:88",
      "offValue": false,
      "onValue": true,
      "width": 18,
      "x": 1026,
      "y": 105,
    },
    Object {
      "height": 20,
      "id": "note:89",
      "offValue": false,
      "onValue": true,
      "width": 18,
      "x": 1046,
      "y": 105,
    },
    Object {
      "height": 40,
      "id": "note:90",
      "offValue": false,
      "onValue": true,
      "width": 12,
      "x": 1059,
      "y": 63,
    },
    Object {
      "height": 20,
      "id": "note:91",
      "offValue": false,
      "onValue": true,
      "width": 18,
      "x": 1066,
      "y": 105,
    },
    Object {
      "height": 40,
      "id": "note:92",
      "offValue": false,
      "onValue": true,
      "width": 12,
      "x": 1079,
      "y": 63,
    },
    Object {
      "height": 20,
      "id": "note:93",
      "offValue": false,
      "onValue": true,
      "width": 18,
      "x": 1086,
      "y": 105,
    },
    Object {
      "height": 40,
      "id": "note:94",
      "offValue": false,
      "onValue": true,
      "width": 12,
      "x": 1099,
      "y": 63,
    },
    Object {
      "height": 20,
      "id": "note:95",
      "offValue": false,
      "onValue": true,
      "width": 18,
      "x": 1106,
      "y": 105,
    },
    Object {
      "height": 20,
      "id": "note:96",
      "offValue": false,
      "onValue": true,
      "width": 18,
      "x": 1126,
      "y": 105,
    },
    Object {
      "height": 40,
      "id": "note:97",
      "offValue": false,
      "onValue": true,
      "width": 12,
      "x": 1139,
      "y": 63,
    },
    Object {
      "height": 20,
      "id": "note:98",
      "offValue": false,
      "onValue": true,
      "width": 18,
      "x": 1146,
      "y": 105,
    },
    Object {
      "height": 40,
      "id": "note:99",
      "offValue": false,
      "onValue": true,
      "width": 12,
      "x": 1159,
      "y": 63,
    },
    Object {
      "height": 20,
      "id": "note:100",
      "offValue": false,
      "onValue": true,
      "width": 18,
      "x": 1166,
      "y": 105,
    },
    Object {
      "height": 20,
      "id": "note:101",
      "offValue": false,
      "onValue": true,
      "width": 18,
      "x": 1186,
      "y": 105,
    },
    Object {
      "height": 40,
      "id": "note:102",
      "offValue": false,
      "onValue": true,
      "width": 12,
      "x": 1199,
      "y": 63,
    },
    Object {
      "height": 20,
      "id": "note:103",
      "offValue": false,
      "onValue": true,
      "width": 18,
      "x": 1206,
      "y": 105,
    },
    Object {
      "height": 40,
      "id": "note:104",
      "offValue": false,
      "onValue": true,
      "width": 12,
      "x": 1219,
      "y": 63,
    },
    Object {
      "height": 20,
      "id": "note:105",
      "offValue": false,
      "onValue": true,
      "width": 18,
      "x": 1226,
      "y": 105,
    },
    Object {
      "height": 40,
      "id": "note:106",
      "offValue": false,
      "onValue": true,
      "width": 12,
      "x": 1239,
      "y": 63,
    },
    Object {
      "height": 20,
      "id": "note:107",
      "offValue": false,
      "onValue": true,
      "width": 18,
      "x": 1246,
      "y": 105,
    },
    Object {
      "height": 20,
      "id": "note:108",
      "offValue": false,
      "onValue": true,
      "width": 18,
      "x": 1266,
      "y": 105,
    },
    Object {
      "height": 40,
      "id": "note:109",
      "offValue": false,
      "onValue": true,
      "width": 12,
      "x": 1279,
      "y": 63,
    },
    Object {
      "height": 20,
      "id": "note:110",
      "offValue": false,
      "onValue": true,
      "width": 18,
      "x": 1286,
      "y": 105,
    },
    Object {
      "height": 40,
      "id": "note:111",
      "offValue": false,
      "onValue": true,
      "width": 12,
      "x": 1299,
      "y": 63,
    },
    Object {
      "height": 20,
      "id": "note:112",
      "offValue": false,
      "onValue": true,
      "width": 18,
      "x": 1306,
      "y": 105,
    },
    Object {
      "height": 20,
      "id": "note:113",
      "offValue": false,
      "onValue": true,
      "width": 18,
      "x": 1326,
      "y": 105,
    },
    Object {
      "height": 40,
      "id": "note:114",
      "offValue": false,
      "onValue": true,
      "width": 12,
      "x": 1339,
      "y": 63,
    },
    Object {
      "height": 20,
      "id": "note:115",
      "offValue": false,
      "onValue": true,
      "width": 18,
      "x": 1346,
      "y": 105,
    },
    Object {
      "height": 40,
      "id": "note:116",
      "offValue": false,
      "onValue": true,
      "width": 12,
      "x": 1359,
      "y": 63,
    },
    Object {
      "height": 20,
      "id": "note:117",
      "offValue": false,
      "onValue": true,
      "width": 18,
      "x": 1366,
      "y": 105,
    },
    Object {
      "height": 40,
      "id": "note:118",
      "offValue": false,
      "onValue": true,
      "width": 12,
      "x": 1379,
      "y": 63,
    },
    Object {
      "height": 20,
      "id": "note:119",
      "offValue": false,
      "onValue": true,
      "width": 18,
      "x": 1386,
      "y": 105,
    },
    Object {
      "height": 20,
      "id": "note:120",
      "offValue": false,
      "onValue": true,
      "width": 18,
      "x": 1406,
      "y": 105,
    },
    Object {
      "height": 40,
      "id": "note:121",
      "offValue": false,
      "onValue": true,
      "width": 12,
      "x": 1419,
      "y": 63,
    },
    Object {
      "height": 20,
      "id": "note:122",
      "offValue": false,
      "onValue": true,
      "width": 18,
      "x": 1426,
      "y": 105,
    },
    Object {
      "height": 40,
      "id": "note:123",
      "offValue": false,
      "onValue": true,
      "width": 12,
      "x": 1439,
      "y": 63,
    },
    Object {
      "height": 20,
      "id": "note:124",
      "offValue": false,
      "onValue": true,
      "width": 18,
      "x": 1446,
      "y": 105,
    },
    Object {
      "height": 20,
      "id": "note:125",
      "offValue": false,
      "onValue": true,
      "width": 18,
      "x": 1466,
      "y": 105,
    },
    Object {
      "height": 40,
      "id": "note:126",
      "offValue": false,
      "onValue": true,
      "width": 12,
      "x": 1479,
      "y": 63,
    },
    Object {
      "height": 20,
      "id": "note:127",
      "offValue": false,
      "onValue": true,
      "width": 18,
      "x": 1486,
      "y": 105,
    },
  ],
  "transformer": [Function],
  "width": 1440,
}
`;
