// Jest Snapshot v1, https://goo.gl/fbAQLP

exports[`generates correct module type descriptor 1`] = `
Object {
  "buttons": Array [],
  "category": "Random",
  "engine": Object {
    "source": "
	private seed 69420
	output out 0

	local random
	local feedback

	push out
	localSet random

	localGet random
	# The zero state is illegal because the counter would remain locked-up.
	equalToZero
	if 
		push seed
	else
		push random
	end
	localSet random

	
		push random
		push 1
		and
		push 0
		shiftRight
		push feedback
		xor
		localSet feedback
	

		push random
		push 4
		and
		push 2
		shiftRight
		push feedback
		xor
		localSet feedback
	

		push random
		push 8
		and
		push 3
		shiftRight
		push feedback
		xor
		localSet feedback
	

		push random
		push 32
		and
		push 5
		shiftRight
		push feedback
		xor
		localSet feedback
	

	push random
	push 1
	shiftRightUnsigned
	localSet random

	push feedback
	equalToZero
	if 
		push random
	else
		push random
		push 2147483648
		or
	end
	localSet random

	pushRef out
	push random
	push 32767
	remainder
	store
",
  },
  "height": 128,
  "initialState": Object {},
  "inputs": Array [],
  "name": "Random",
  "outputs": Array [
    Object {
      "height": 16,
      "id": "out",
      "width": 16,
      "x": 112,
      "y": 32,
    },
  ],
  "width": 128,
}
`;
