// Jest Snapshot v1, https://goo.gl/fbAQLP

exports[`generates correct module type descriptor 1`] = `
Object {
  "buttons": Array [],
  "category": "Other",
  "engine": Object {
    "source": "
	private defaultValue 0
	inputPointer in defaultValue
	inputPointer in:trigger defaultValue
	private triggerPreviousValue 0
	output out 0

	local triggerInput

	push in:trigger
	localSet triggerInput

	push triggerInput
	push triggerPreviousValue
	sub
	push 1000
	greaterOrEqual
	if void
		push &out
		push in
		store
	end

	push &triggerPreviousValue
	push triggerInput
	store
",
  },
  "height": 128,
  "initialState": Object {},
  "inputs": Array [
    Object {
      "height": 16,
      "id": "in",
      "width": 16,
      "x": 0,
      "y": 32,
    },
    Object {
      "height": 16,
      "id": "in:trigger",
      "label": "trigger",
      "width": 16,
      "x": 0,
      "y": 48,
    },
  ],
  "name": "Sample & Hold",
  "outputs": Array [
    Object {
      "height": 16,
      "id": "out",
      "width": 16,
      "x": 112,
      "y": 32,
    },
  ],
  "width": 128,
}
`;
