// Jest Snapshot v1, https://goo.gl/fbAQLP

exports[`generates correct module type descriptor 1`] = `
Object {
  "buttons": Array [],
  "category": "Oscillator",
  "engine": Object {
    "source": "
	private LIMIT_SELF 32767
	public rate 1
	inputPointer in:rate rate
	inputPointer in:limit LIMIT_SELF
	output out 0
	private defaultValue 0
	inputPointer reset defaultValue

	local _rate
	local limit
	local counter

	push in:rate
	localSet _rate

	push in:limit
	localSet limit

	push out
	localSet counter

	push reset
    push 0
    greaterThan
    if void
        push 0
        localSet counter
    end

	push counter
	push limit
	greaterOrEqual
	if
		push 0
		push limit
		sub
	else
		push _rate
		push counter
		add
	end
	localSet counter

	push &out
	push counter
	store
",
  },
  "extractState": [Function],
  "height": 128,
  "initialState": Object {
    "rate": 1000,
  },
  "inputs": Array [
    Object {
      "height": 16,
      "id": "reset",
      "width": 16,
      "x": 0,
      "y": 32,
    },
  ],
  "insertState": [Function],
  "name": "Saw",
  "outputs": Array [
    Object {
      "height": 16,
      "id": "out",
      "width": 16,
      "x": 112,
      "y": 32,
    },
  ],
  "sliders": Array [
    Object {
      "height": 80,
      "id": "rate",
      "maxValue": 2000,
      "minValue": 0,
      "onChange": [Function],
      "resolution": 10,
      "width": 16,
      "x": 64,
      "y": 48,
    },
  ],
  "width": 128,
}
`;
