// Jest Snapshot v1, https://goo.gl/fbAQLP

exports[`generates correct module type descriptor 1`] = `
Object {
  "buttons": Array [],
  "category": "Oscillator",
  "engine": Object {
    "config": Object {},
    "name": "saw",
  },
  "extractState": undefined,
  "height": 126,
  "initialState": Object {
    "rate": 1000,
  },
  "inputs": Array [],
  "insertState": undefined,
  "lines": Array [
    Object {
      "height": 1,
      "width": 108,
      "x": 6,
      "y": 7,
    },
    Object {
      "height": 112,
      "width": 1,
      "x": 114,
      "y": 7,
    },
    Object {
      "height": 1,
      "width": 108,
      "x": 6,
      "y": 119,
    },
    Object {
      "height": 112,
      "width": 1,
      "x": 6,
      "y": 7,
    },
  ],
  "name": "Saw",
  "outputs": Array [
    Object {
      "height": 13,
      "id": "out",
      "width": 12,
      "x": 96,
      "y": 42,
    },
  ],
  "sliders": Array [
    Object {
      "height": 70,
      "id": "rate",
      "maxValue": 2000,
      "minValue": 0,
      "onChange": [Function],
      "resolution": 10,
      "width": 12,
      "x": 48,
      "y": 42,
    },
  ],
  "steppers": Array [],
  "width": 120,
}
`;
