// Jest Snapshot v1, https://goo.gl/fbAQLP

exports[`generates correct module type descriptor 1`] = `
Object {
  "buttons": Array [],
  "category": "Inspection",
  "engine": Object {
    "source": "
	private defaultValue 0
	inputPointer in defaultValue
	output out 0

	private counter 0
	private rate 0
	public bufferPointer buffer
	array buffer 64 0

	local _bufferPointer
	local _counter
	local _input

	push in
	localSet _input

	push &out
	push _input
	store

	push counter
	localSet _counter

	push _counter
	push rate
	greaterOrEqual
	if void
		push &counter
		push 0
		store
	else
		push _counter
		push 1
		add
		localSet _counter
		
		push &counter
		push _counter
		store
		branch 1
	end

	push bufferPointer
	localSet _bufferPointer

	push _bufferPointer
	push _input
	store

	# Increment the value of the the buffer pointer.
	push _bufferPointer
	push 4
	add
	localSet _bufferPointer

	# Prevent the buffer pointer access out of bounds memory.
	push _bufferPointer
		push &buffer
			push 256
		add
	greaterOrEqualUnsigned
	if void
		push &buffer
		localSet _bufferPointer
	end

	push &bufferPointer
	push _bufferPointer
	store
",
  },
  "height": 128,
  "initialState": Object {},
  "inputs": Array [
    Object {
      "height": 16,
      "id": "in",
      "width": 16,
      "x": 0,
      "y": 32,
    },
  ],
  "name": "Scope",
  "outputs": Array [
    Object {
      "height": 16,
      "id": "out",
      "width": 16,
      "x": 112,
      "y": 32,
    },
  ],
  "width": 128,
}
`;
