// Jest Snapshot v1, https://goo.gl/fbAQLP

exports[`generates correct module type descriptor 1`] = `
Object {
  "buttons": Array [],
  "category": "Logic",
  "engine": Object {
    "source": "
	private defaultValue 0
	output out 0
	inputPointer in:clock defaultValue
	private previousClock 0
	private counter 0
	inputPointer in:1 defaultValue
	inputPointer in:2 defaultValue
	inputPointer in:3 defaultValue
	inputPointer in:4 defaultValue

	local clock
	local _counter

	push counter
	localSet _counter

	push in:clock
	localSet clock

	push previousClock
	push clock
	greaterThan
	if void
		push _counter
		pointerForward
		push 16
		remainder
		localSet _counter
	end

	pushRef previousClock
	push clock
	store

	pushRef out
	pushRef in:1
	push _counter
	add
	load
	load
	store

	pushRef counter
	push _counter
	store
",
  },
  "height": 144,
  "initialState": Object {},
  "inputs": Array [
    Object {
      "height": 16,
      "id": "in:1",
      "label": "in",
      "width": 16,
      "x": 0,
      "y": 32,
    },
    Object {
      "height": 16,
      "id": "in:2",
      "label": "in",
      "width": 16,
      "x": 0,
      "y": 48,
    },
    Object {
      "height": 16,
      "id": "in:3",
      "label": "in",
      "width": 16,
      "x": 0,
      "y": 64,
    },
    Object {
      "height": 16,
      "id": "in:4",
      "label": "in",
      "width": 16,
      "x": 0,
      "y": 80,
    },
    Object {
      "height": 16,
      "id": "in:clock",
      "label": "clock",
      "width": 16,
      "x": 0,
      "y": 96,
    },
  ],
  "name": "Sequential switch",
  "outputs": Array [
    Object {
      "height": 16,
      "id": "out",
      "width": 16,
      "x": 176,
      "y": 32,
    },
  ],
  "width": 192,
}
`;
