// Jest Snapshot v1, https://goo.gl/fbAQLP

exports[`generates correct module type descriptor 1`] = `
Object {
  "buttons": Array [],
  "category": "Other",
  "engine": Object {
    "config": Object {},
    "name": "splitter",
  },
  "height": 128,
  "initialState": Object {},
  "inputs": Array [
    Object {
      "height": 16,
      "id": "in",
      "width": 16,
      "x": 0,
      "y": 32,
    },
  ],
  "name": "Splitter",
  "outputs": Array [
    Object {
      "height": 16,
      "id": "out:1",
      "label": "out",
      "width": 16,
      "x": 112,
      "y": 32,
    },
    Object {
      "height": 16,
      "id": "out:2",
      "label": "out",
      "width": 16,
      "x": 112,
      "y": 48,
    },
    Object {
      "height": 16,
      "id": "out:3",
      "label": "out",
      "width": 16,
      "x": 112,
      "y": 64,
    },
    Object {
      "height": 16,
      "id": "out:4",
      "label": "out",
      "width": 16,
      "x": 112,
      "y": 80,
    },
  ],
  "sliders": Array [],
  "steppers": Array [],
  "width": 128,
}
`;
