// Jest Snapshot v1, https://goo.gl/fbAQLP

exports[`buffer snapshots if the generated ast matches with the snapshot 1`] = `
Array [
  Object {
    "arguments": Array [
      Object {
        "type": "identifier",
        "value": "buffer",
      },
    ],
    "instruction": "module",
    "lineNumber": 2,
  },
  Object {
    "arguments": Array [
      Object {
        "type": "identifier",
        "value": "defaultValue",
      },
      Object {
        "type": "literal",
        "value": 0,
      },
    ],
    "instruction": "private",
    "lineNumber": 4,
  },
  Object {
    "arguments": Array [
      Object {
        "type": "identifier",
        "value": "numberOfInputs",
      },
      Object {
        "type": "literal",
        "value": 4,
      },
    ],
    "instruction": "public",
    "lineNumber": 5,
  },
  Object {
    "arguments": Array [
      Object {
        "type": "identifier",
        "value": "numberOfOutputs",
      },
      Object {
        "type": "literal",
        "value": 4,
      },
    ],
    "instruction": "public",
    "lineNumber": 6,
  },
  Object {
    "arguments": Array [
      Object {
        "type": "identifier",
        "value": "numberOfDataPlaceholders",
      },
      Object {
        "type": "literal",
        "value": 4,
      },
    ],
    "instruction": "public",
    "lineNumber": 7,
  },
  Object {
    "arguments": Array [
      Object {
        "type": "identifier",
        "value": "in:1",
      },
      Object {
        "type": "identifier",
        "value": "defaultValue",
      },
    ],
    "instruction": "inputPointer",
    "lineNumber": 10,
  },
  Object {
    "arguments": Array [
      Object {
        "type": "identifier",
        "value": "in:2",
      },
      Object {
        "type": "identifier",
        "value": "defaultValue",
      },
    ],
    "instruction": "inputPointer",
    "lineNumber": 13,
  },
  Object {
    "arguments": Array [
      Object {
        "type": "identifier",
        "value": "in:3",
      },
      Object {
        "type": "identifier",
        "value": "defaultValue",
      },
    ],
    "instruction": "inputPointer",
    "lineNumber": 16,
  },
  Object {
    "arguments": Array [
      Object {
        "type": "identifier",
        "value": "in:4",
      },
      Object {
        "type": "identifier",
        "value": "defaultValue",
      },
    ],
    "instruction": "inputPointer",
    "lineNumber": 19,
  },
  Object {
    "arguments": Array [
      Object {
        "type": "identifier",
        "value": "out:1",
      },
      Object {
        "type": "literal",
        "value": 0,
      },
    ],
    "instruction": "output",
    "lineNumber": 23,
  },
  Object {
    "arguments": Array [
      Object {
        "type": "identifier",
        "value": "out:2",
      },
      Object {
        "type": "literal",
        "value": 0,
      },
    ],
    "instruction": "output",
    "lineNumber": 26,
  },
  Object {
    "arguments": Array [
      Object {
        "type": "identifier",
        "value": "out:3",
      },
      Object {
        "type": "literal",
        "value": 0,
      },
    ],
    "instruction": "output",
    "lineNumber": 29,
  },
  Object {
    "arguments": Array [
      Object {
        "type": "identifier",
        "value": "out:4",
      },
      Object {
        "type": "literal",
        "value": 0,
      },
    ],
    "instruction": "output",
    "lineNumber": 32,
  },
  Object {
    "arguments": Array [
      Object {
        "type": "identifier",
        "value": "data:1",
      },
      Object {
        "type": "literal",
        "value": 0,
      },
    ],
    "instruction": "public",
    "lineNumber": 36,
  },
  Object {
    "arguments": Array [
      Object {
        "type": "identifier",
        "value": "data:2",
      },
      Object {
        "type": "literal",
        "value": 0,
      },
    ],
    "instruction": "public",
    "lineNumber": 39,
  },
  Object {
    "arguments": Array [
      Object {
        "type": "identifier",
        "value": "data:3",
      },
      Object {
        "type": "literal",
        "value": 0,
      },
    ],
    "instruction": "public",
    "lineNumber": 42,
  },
  Object {
    "arguments": Array [
      Object {
        "type": "identifier",
        "value": "data:4",
      },
      Object {
        "type": "literal",
        "value": 0,
      },
    ],
    "instruction": "public",
    "lineNumber": 45,
  },
  Object {
    "arguments": Array [
      Object {
        "type": "identifier",
        "value": "&out:1",
      },
    ],
    "instruction": "push",
    "lineNumber": 49,
  },
  Object {
    "arguments": Array [
      Object {
        "type": "identifier",
        "value": "in:1",
      },
    ],
    "instruction": "push",
    "lineNumber": 50,
  },
  Object {
    "arguments": Array [],
    "instruction": "store",
    "lineNumber": 51,
  },
  Object {
    "arguments": Array [
      Object {
        "type": "identifier",
        "value": "&out:2",
      },
    ],
    "instruction": "push",
    "lineNumber": 54,
  },
  Object {
    "arguments": Array [
      Object {
        "type": "identifier",
        "value": "in:2",
      },
    ],
    "instruction": "push",
    "lineNumber": 55,
  },
  Object {
    "arguments": Array [],
    "instruction": "store",
    "lineNumber": 56,
  },
  Object {
    "arguments": Array [
      Object {
        "type": "identifier",
        "value": "&out:3",
      },
    ],
    "instruction": "push",
    "lineNumber": 59,
  },
  Object {
    "arguments": Array [
      Object {
        "type": "identifier",
        "value": "in:3",
      },
    ],
    "instruction": "push",
    "lineNumber": 60,
  },
  Object {
    "arguments": Array [],
    "instruction": "store",
    "lineNumber": 61,
  },
  Object {
    "arguments": Array [
      Object {
        "type": "identifier",
        "value": "&out:4",
      },
    ],
    "instruction": "push",
    "lineNumber": 64,
  },
  Object {
    "arguments": Array [
      Object {
        "type": "identifier",
        "value": "in:4",
      },
    ],
    "instruction": "push",
    "lineNumber": 65,
  },
  Object {
    "arguments": Array [],
    "instruction": "store",
    "lineNumber": 66,
  },
]
`;

exports[`buffer snapshots if the generated memory map matches with the snapshot 1`] = `
Map {
  "defaultValue" => Object {
    "byteAddress": 0,
    "default": 0,
    "id": "defaultValue",
    "lineNumber": 4,
    "relativeWordAddress": 0,
    "type": 5,
    "wordSize": 1,
  },
  "numberOfInputs" => Object {
    "byteAddress": 4,
    "default": 4,
    "id": "numberOfInputs",
    "lineNumber": 5,
    "relativeWordAddress": 1,
    "type": 6,
    "wordSize": 1,
  },
  "numberOfOutputs" => Object {
    "byteAddress": 8,
    "default": 4,
    "id": "numberOfOutputs",
    "lineNumber": 6,
    "relativeWordAddress": 2,
    "type": 6,
    "wordSize": 1,
  },
  "numberOfDataPlaceholders" => Object {
    "byteAddress": 12,
    "default": 4,
    "id": "numberOfDataPlaceholders",
    "lineNumber": 7,
    "relativeWordAddress": 3,
    "type": 6,
    "wordSize": 1,
  },
  "in:1" => Object {
    "byteAddress": 16,
    "default": 0,
    "id": "in:1",
    "lineNumber": 10,
    "relativeWordAddress": 4,
    "type": 3,
    "wordSize": 1,
  },
  "in:2" => Object {
    "byteAddress": 20,
    "default": 0,
    "id": "in:2",
    "lineNumber": 13,
    "relativeWordAddress": 5,
    "type": 3,
    "wordSize": 1,
  },
  "in:3" => Object {
    "byteAddress": 24,
    "default": 0,
    "id": "in:3",
    "lineNumber": 16,
    "relativeWordAddress": 6,
    "type": 3,
    "wordSize": 1,
  },
  "in:4" => Object {
    "byteAddress": 28,
    "default": 0,
    "id": "in:4",
    "lineNumber": 19,
    "relativeWordAddress": 7,
    "type": 3,
    "wordSize": 1,
  },
  "out:1" => Object {
    "byteAddress": 32,
    "default": 0,
    "id": "out:1",
    "lineNumber": 23,
    "relativeWordAddress": 8,
    "type": 4,
    "wordSize": 1,
  },
  "out:2" => Object {
    "byteAddress": 36,
    "default": 0,
    "id": "out:2",
    "lineNumber": 26,
    "relativeWordAddress": 9,
    "type": 4,
    "wordSize": 1,
  },
  "out:3" => Object {
    "byteAddress": 40,
    "default": 0,
    "id": "out:3",
    "lineNumber": 29,
    "relativeWordAddress": 10,
    "type": 4,
    "wordSize": 1,
  },
  "out:4" => Object {
    "byteAddress": 44,
    "default": 0,
    "id": "out:4",
    "lineNumber": 32,
    "relativeWordAddress": 11,
    "type": 4,
    "wordSize": 1,
  },
  "data:1" => Object {
    "byteAddress": 48,
    "default": 0,
    "id": "data:1",
    "lineNumber": 36,
    "relativeWordAddress": 12,
    "type": 6,
    "wordSize": 1,
  },
  "data:2" => Object {
    "byteAddress": 52,
    "default": 0,
    "id": "data:2",
    "lineNumber": 39,
    "relativeWordAddress": 13,
    "type": 6,
    "wordSize": 1,
  },
  "data:3" => Object {
    "byteAddress": 56,
    "default": 0,
    "id": "data:3",
    "lineNumber": 42,
    "relativeWordAddress": 14,
    "type": 6,
    "wordSize": 1,
  },
  "data:4" => Object {
    "byteAddress": 60,
    "default": 0,
    "id": "data:4",
    "lineNumber": 45,
    "relativeWordAddress": 15,
    "type": 6,
    "wordSize": 1,
  },
}
`;

exports[`buffer snapshots if the wat code matches with the snapshot 1`] = `
"(module
  (type (;0;) (func))
  (import \\"js\\" \\"memory\\" (memory (;0;) 1))
  (func (;0;) (type 0)
    i32.const 32
    i32.const 16
    i32.load
    i32.load
    i32.store
    i32.const 36
    i32.const 20
    i32.load
    i32.load
    i32.store
    i32.const 40
    i32.const 24
    i32.load
    i32.load
    i32.store
    i32.const 44
    i32.const 28
    i32.load
    i32.load
    i32.store)
  (export \\"test\\" (func 0)))
"
`;
