// Jest Snapshot v1, https://goo.gl/fbAQLP

exports[`stepSequencer if the generated memory map matches with the snapshot 1`] = `
Map {
  "defaultValue" => Object {
    "byteAddress": 0,
    "default": 0,
    "id": "defaultValue",
    "lineNumber": 4,
    "relativeWordAddress": 0,
    "type": 5,
    "wordSize": 1,
  },
  "trigger" => Object {
    "byteAddress": 4,
    "default": 0,
    "id": "trigger",
    "lineNumber": 5,
    "relativeWordAddress": 1,
    "type": 3,
    "wordSize": 1,
  },
  "triggerPreviousValue" => Object {
    "byteAddress": 8,
    "default": 0,
    "id": "triggerPreviousValue",
    "lineNumber": 6,
    "relativeWordAddress": 2,
    "type": 5,
    "wordSize": 1,
  },
  "steps" => Object {
    "byteAddress": 12,
    "default": Array [
      0,
      0,
      0,
      0,
      0,
      0,
      0,
      0,
      0,
      0,
      0,
      0,
      0,
      0,
      0,
      0,
    ],
    "id": "steps",
    "lineNumber": 7,
    "relativeWordAddress": 3,
    "type": 0,
    "wordSize": 16,
  },
  "stepPointer" => Object {
    "byteAddress": 76,
    "default": 12,
    "id": "stepPointer",
    "lineNumber": 8,
    "relativeWordAddress": 19,
    "type": 5,
    "wordSize": 1,
  },
  "stepLength" => Object {
    "byteAddress": 80,
    "default": 4,
    "id": "stepLength",
    "lineNumber": 9,
    "relativeWordAddress": 20,
    "type": 6,
    "wordSize": 1,
  },
  "out" => Object {
    "byteAddress": 84,
    "default": 0,
    "id": "out",
    "lineNumber": 10,
    "relativeWordAddress": 21,
    "type": 4,
    "wordSize": 1,
  },
}
`;

exports[`stepSequencer if the wat code matches with the snapshot 1`] = `
"(module
  (type (;0;) (func))
  (import \\"js\\" \\"memory\\" (memory (;0;) 1))
  (func (;0;) (type 0)
    (local i32)
    i32.const 76
    i32.load
    local.set 0
    i32.const 4
    i32.load
    i32.load
    i32.const 8
    i32.load
    i32.gt_s
    if  ;; label = @1
      local.get 0
      i32.const 4
      i32.add
      local.set 0
      local.get 0
      i32.const 80
      i32.load
      i32.const 4
      i32.mul
      i32.const 12
      i32.add
      i32.ge_s
      if  ;; label = @2
        i32.const 12
        local.set 0
      end
    end
    i32.const 76
    local.get 0
    i32.store
    i32.const 84
    local.get 0
    i32.load
    i32.store
    i32.const 8
    i32.const 4
    i32.load
    i32.load
    i32.store)
  (export \\"test\\" (func 0)))
"
`;
